00:00 +0: loading C:/Users/pieri/OneDrive/Desktop/2ndsemester/Setap/unisphere-app/test/screens/discover_event_screen_test.dart
00:00 +0: DiscoverEventScreen renders all main UI elements
ÔòÉÔòÉÔòí EXCEPTION CAUGHT BY RENDERING LIBRARY Ôò×ÔòÉÔòÉÔòÉÔòÉÔòÉÔòÉÔòÉÔòÉÔòÉÔòÉÔòÉÔòÉÔòÉÔòÉÔòÉÔòÉÔòÉÔòÉÔòÉÔòÉÔòÉÔòÉÔòÉÔòÉÔòÉÔòÉÔòÉÔòÉÔòÉÔòÉÔòÉÔòÉÔòÉÔòÉÔòÉÔòÉÔòÉÔòÉÔòÉÔòÉÔòÉÔòÉÔòÉÔòÉÔòÉÔòÉÔòÉÔòÉÔòÉÔòÉÔòÉÔòÉÔòÉÔòÉÔòÉÔòÉÔòÉ
The following assertion was thrown during layout:
A RenderFlex overflowed by 614 pixels on the right.

The relevant error-causing widget was:
  Row
  Row:file:///C:/Users/pieri/OneDrive/Desktop/2ndsemester/Setap/unisphere-app/lib/widgets/header.dart:183:17

The overflowing RenderFlex has an orientation of Axis.horizontal.
The edge of the RenderFlex that is overflowing has been marked in the rendering with a yellow and
black striped pattern. This is usually caused by the contents being too big for the RenderFlex.
Consider applying a flex factor (e.g. using an Expanded widget) to force the children of the
RenderFlex to fit within the available space instead of being sized to their natural size.
This is considered an error condition because it indicates that there is content that cannot be
seen. If the content is legitimately bigger than the available space, consider clipping it with a
ClipRect widget before putting it in the flex, or using a scrollable container rather than a Flex,
like a ListView.
The specific RenderFlex in question is: RenderFlex#99885 relayoutBoundary=up19 OVERFLOWING:
  creator: Row ÔåÉ ConstrainedBox ÔåÉ Center ÔåÉ Padding ÔåÉ ColoredBox ÔåÉ ConstrainedBox ÔåÉ Container ÔåÉ
    AppHeader ÔåÉ Column ÔåÉ Column ÔåÉ ConstrainedBox ÔåÉ _SingleChildViewport ÔåÉ Ôï»
  parentData: <none> (can use size)
  constraints: BoxConstraints(0.0<=w<=752.0, 0.0<=h<=Infinity)
  size: Size(752.0, 52.0)
  direction: horizontal
  mainAxisAlignment: spaceBetween
  mainAxisSize: max
  crossAxisAlignment: center
  textDirection: ltr
  verticalDirection: down
  spacing: 0.0
ÔùóÔùñÔùóÔùñÔùóÔùñÔùóÔùñÔùóÔùñÔùóÔùñÔùóÔùñÔùóÔùñÔùóÔùñÔùóÔùñÔùóÔùñÔùóÔùñÔùóÔùñÔùóÔùñÔùóÔùñÔùóÔùñÔùóÔùñÔùóÔùñÔùóÔùñÔùóÔùñÔùóÔùñÔùóÔùñÔùóÔùñÔùóÔùñÔùóÔùñÔùóÔùñÔùóÔùñÔùóÔùñÔùóÔùñÔùóÔùñÔùóÔùñÔùóÔùñÔùóÔùñÔùóÔùñÔùóÔùñÔùóÔùñÔùóÔùñÔùóÔùñÔùóÔùñÔùóÔùñÔùóÔùñÔùóÔùñÔùóÔùñÔùóÔùñÔùóÔùñÔùóÔùñÔùóÔùñÔùóÔùñÔùóÔùñÔùóÔùñ
ÔòÉÔòÉÔòÉÔòÉÔòÉÔòÉÔòÉÔòÉÔòÉÔòÉÔòÉÔòÉÔòÉÔòÉÔòÉÔòÉÔòÉÔòÉÔòÉÔòÉÔòÉÔòÉÔòÉÔòÉÔòÉÔòÉÔòÉÔòÉÔòÉÔòÉÔòÉÔòÉÔòÉÔòÉÔòÉÔòÉÔòÉÔòÉÔòÉÔòÉÔòÉÔòÉÔòÉÔòÉÔòÉÔòÉÔòÉÔòÉÔòÉÔòÉÔòÉÔòÉÔòÉÔòÉÔòÉÔòÉÔòÉÔòÉÔòÉÔòÉÔòÉÔòÉÔòÉÔòÉÔòÉÔòÉÔòÉÔòÉÔòÉÔòÉÔòÉÔòÉÔòÉÔòÉÔòÉÔòÉÔòÉÔòÉÔòÉÔòÉÔòÉÔòÉÔòÉÔòÉÔòÉÔòÉÔòÉÔòÉÔòÉÔòÉÔòÉÔòÉÔòÉÔòÉÔòÉÔòÉÔòÉÔòÉÔòÉÔòÉ
ÔòÉÔòÉÔòí EXCEPTION CAUGHT BY RENDERING LIBRARY Ôò×ÔòÉÔòÉÔòÉÔòÉÔòÉÔòÉÔòÉÔòÉÔòÉÔòÉÔòÉÔòÉÔòÉÔòÉÔòÉÔòÉÔòÉÔòÉÔòÉÔòÉÔòÉÔòÉÔòÉÔòÉÔòÉÔòÉÔòÉÔòÉÔòÉÔòÉÔòÉÔòÉÔòÉÔòÉÔòÉÔòÉÔòÉÔòÉÔòÉÔòÉÔòÉÔòÉÔòÉÔòÉÔòÉÔòÉÔòÉÔòÉÔòÉÔòÉÔòÉÔòÉÔòÉÔòÉÔòÉÔòÉÔòÉ
The following assertion was thrown during layout:
A RenderFlex overflowed by 25 pixels on the right.

The relevant error-causing widget was:
  Row
  Row:file:///C:/Users/pieri/OneDrive/Desktop/2ndsemester/Setap/unisphere-app/lib/widgets/app_footer.dart:145:26

The overflowing RenderFlex has an orientation of Axis.horizontal.
The edge of the RenderFlex that is overflowing has been marked in the rendering with a yellow and
black striped pattern. This is usually caused by the contents being too big for the RenderFlex.
Consider applying a flex factor (e.g. using an Expanded widget) to force the children of the
RenderFlex to fit within the available space instead of being sized to their natural size.
This is considered an error condition because it indicates that there is content that cannot be
seen. If the content is legitimately bigger than the available space, consider clipping it with a
ClipRect widget before putting it in the flex, or using a scrollable container rather than a Flex,
like a ListView.
The specific RenderFlex in question is: RenderFlex#0ebe9 relayoutBoundary=up20 OVERFLOWING:
  creator: Row ÔåÉ LayoutBuilder ÔåÉ Column ÔåÉ ConstrainedBox ÔåÉ Center ÔåÉ Padding ÔåÉ ColoredBox ÔåÉ
    ConstrainedBox ÔåÉ Container ÔåÉ AppFooter ÔåÉ Column ÔåÉ ConstrainedBox ÔåÉ Ôï»
  parentData: offset=Offset(0.0, 0.0) (can use size)
  constraints: BoxConstraints(0.0<=w<=752.0, 0.0<=h<=Infinity)
  size: Size(752.0, 19.0)
  direction: horizontal
  mainAxisAlignment: spaceBetween
  mainAxisSize: max
  crossAxisAlignment: center
  textDirection: ltr
  verticalDirection: down
  spacing: 0.0
ÔùóÔùñÔùóÔùñÔùóÔùñÔùóÔùñÔùóÔùñÔùóÔùñÔùóÔùñÔùóÔùñÔùóÔùñÔùóÔùñÔùóÔùñÔùóÔùñÔùóÔùñÔùóÔùñÔùóÔùñÔùóÔùñÔùóÔùñÔùóÔùñÔùóÔùñÔùóÔùñÔùóÔùñÔùóÔùñÔùóÔùñÔùóÔùñÔùóÔùñÔùóÔùñÔùóÔùñÔùóÔùñÔùóÔùñÔùóÔùñÔùóÔùñÔùóÔùñÔùóÔùñÔùóÔùñÔùóÔùñÔùóÔùñÔùóÔùñÔùóÔùñÔùóÔùñÔùóÔùñÔùóÔùñÔùóÔùñÔùóÔùñÔùóÔùñÔùóÔùñÔùóÔùñÔùóÔùñÔùóÔùñÔùóÔùñÔùóÔùñ
ÔòÉÔòÉÔòÉÔòÉÔòÉÔòÉÔòÉÔòÉÔòÉÔòÉÔòÉÔòÉÔòÉÔòÉÔòÉÔòÉÔòÉÔòÉÔòÉÔòÉÔòÉÔòÉÔòÉÔòÉÔòÉÔòÉÔòÉÔòÉÔòÉÔòÉÔòÉÔòÉÔòÉÔòÉÔòÉÔòÉÔòÉÔòÉÔòÉÔòÉÔòÉÔòÉÔòÉÔòÉÔòÉÔòÉÔòÉÔòÉÔòÉÔòÉÔòÉÔòÉÔòÉÔòÉÔòÉÔòÉÔòÉÔòÉÔòÉÔòÉÔòÉÔòÉÔòÉÔòÉÔòÉÔòÉÔòÉÔòÉÔòÉÔòÉÔòÉÔòÉÔòÉÔòÉÔòÉÔòÉÔòÉÔòÉÔòÉÔòÉÔòÉÔòÉÔòÉÔòÉÔòÉÔòÉÔòÉÔòÉÔòÉÔòÉÔòÉÔòÉÔòÉÔòÉÔòÉÔòÉÔòÉÔòÉÔòÉÔòÉ
ÔòÉÔòÉÔòí EXCEPTION CAUGHT BY FLUTTER TEST FRAMEWORK Ôò×ÔòÉÔòÉÔòÉÔòÉÔòÉÔòÉÔòÉÔòÉÔòÉÔòÉÔòÉÔòÉÔòÉÔòÉÔòÉÔòÉÔòÉÔòÉÔòÉÔòÉÔòÉÔòÉÔòÉÔòÉÔòÉÔòÉÔòÉÔòÉÔòÉÔòÉÔòÉÔòÉÔòÉÔòÉÔòÉÔòÉÔòÉÔòÉÔòÉÔòÉÔòÉÔòÉÔòÉÔòÉÔòÉÔòÉÔòÉÔòÉÔòÉÔòÉÔòÉÔòÉ
The following message was thrown:
Multiple exceptions (2) were detected during the running of the current test, and at least one was
unexpected.
ÔòÉÔòÉÔòÉÔòÉÔòÉÔòÉÔòÉÔòÉÔòÉÔòÉÔòÉÔòÉÔòÉÔòÉÔòÉÔòÉÔòÉÔòÉÔòÉÔòÉÔòÉÔòÉÔòÉÔòÉÔòÉÔòÉÔòÉÔòÉÔòÉÔòÉÔòÉÔòÉÔòÉÔòÉÔòÉÔòÉÔòÉÔòÉÔòÉÔòÉÔòÉÔòÉÔòÉÔòÉÔòÉÔòÉÔòÉÔòÉÔòÉÔòÉÔòÉÔòÉÔòÉÔòÉÔòÉÔòÉÔòÉÔòÉÔòÉÔòÉÔòÉÔòÉÔòÉÔòÉÔòÉÔòÉÔòÉÔòÉÔòÉÔòÉÔòÉÔòÉÔòÉÔòÉÔòÉÔòÉÔòÉÔòÉÔòÉÔòÉÔòÉÔòÉÔòÉÔòÉÔòÉÔòÉÔòÉÔòÉÔòÉÔòÉÔòÉÔòÉÔòÉÔòÉÔòÉÔòÉÔòÉÔòÉÔòÉÔòÉ
00:01 +0 -1: DiscoverEventScreen renders all main UI elements [E]
  Test failed. See exception logs above.
  The test description was: renders all main UI elements
  
Warning: At least one test in this suite creates an HttpClient. When running a test suite that uses
TestWidgetsFlutterBinding, all HTTP requests will return status code 400, and no network request
will actually be made. Any test expecting a real network connection and status code will fail.
To test code that needs an HttpClient, provide your own HttpClient implementation to the code under
test, so that your test can consistently provide a testable response to the code under test.
00:01 +0 -1: DiscoverEventScreen initialSearchQuery is applied on load
ÔòÉÔòÉÔòí EXCEPTION CAUGHT BY RENDERING LIBRARY Ôò×ÔòÉÔòÉÔòÉÔòÉÔòÉÔòÉÔòÉÔòÉÔòÉÔòÉÔòÉÔòÉÔòÉÔòÉÔòÉÔòÉÔòÉÔòÉÔòÉÔòÉÔòÉÔòÉÔòÉÔòÉÔòÉÔòÉÔòÉÔòÉÔòÉÔòÉÔòÉÔòÉÔòÉÔòÉÔòÉÔòÉÔòÉÔòÉÔòÉÔòÉÔòÉÔòÉÔòÉÔòÉÔòÉÔòÉÔòÉÔòÉÔòÉÔòÉÔòÉÔòÉÔòÉÔòÉÔòÉÔòÉÔòÉ
The following assertion was thrown during layout:
A RenderFlex overflowed by 614 pixels on the right.

The relevant error-causing widget was:
  Row
  Row:file:///C:/Users/pieri/OneDrive/Desktop/2ndsemester/Setap/unisphere-app/lib/widgets/header.dart:183:17

The overflowing RenderFlex has an orientation of Axis.horizontal.
The edge of the RenderFlex that is overflowing has been marked in the rendering with a yellow and
black striped pattern. This is usually caused by the contents being too big for the RenderFlex.
Consider applying a flex factor (e.g. using an Expanded widget) to force the children of the
RenderFlex to fit within the available space instead of being sized to their natural size.
This is considered an error condition because it indicates that there is content that cannot be
seen. If the content is legitimately bigger than the available space, consider clipping it with a
ClipRect widget before putting it in the flex, or using a scrollable container rather than a Flex,
like a ListView.
The specific RenderFlex in question is: RenderFlex#85f68 relayoutBoundary=up19 OVERFLOWING:
  creator: Row ÔåÉ ConstrainedBox ÔåÉ Center ÔåÉ Padding ÔåÉ ColoredBox ÔåÉ ConstrainedBox ÔåÉ Container ÔåÉ
    AppHeader ÔåÉ Column ÔåÉ Column ÔåÉ ConstrainedBox ÔåÉ _SingleChildViewport ÔåÉ Ôï»
  parentData: <none> (can use size)
  constraints: BoxConstraints(0.0<=w<=752.0, 0.0<=h<=Infinity)
  size: Size(752.0, 52.0)
  direction: horizontal
  mainAxisAlignment: spaceBetween
  mainAxisSize: max
  crossAxisAlignment: center
  textDirection: ltr
  verticalDirection: down
  spacing: 0.0
ÔùóÔùñÔùóÔùñÔùóÔùñÔùóÔùñÔùóÔùñÔùóÔùñÔùóÔùñÔùóÔùñÔùóÔùñÔùóÔùñÔùóÔùñÔùóÔùñÔùóÔùñÔùóÔùñÔùóÔùñÔùóÔùñÔùóÔùñÔùóÔùñÔùóÔùñÔùóÔùñÔùóÔùñÔùóÔùñÔùóÔùñÔùóÔùñÔùóÔùñÔùóÔùñÔùóÔùñÔùóÔùñÔùóÔùñÔùóÔùñÔùóÔùñÔùóÔùñÔùóÔùñÔùóÔùñÔùóÔùñÔùóÔùñÔùóÔùñÔùóÔùñÔùóÔùñÔùóÔùñÔùóÔùñÔùóÔùñÔùóÔùñÔùóÔùñÔùóÔùñÔùóÔùñÔùóÔùñÔùóÔùñÔùóÔùñÔùóÔùñ
ÔòÉÔòÉÔòÉÔòÉÔòÉÔòÉÔòÉÔòÉÔòÉÔòÉÔòÉÔòÉÔòÉÔòÉÔòÉÔòÉÔòÉÔòÉÔòÉÔòÉÔòÉÔòÉÔòÉÔòÉÔòÉÔòÉÔòÉÔòÉÔòÉÔòÉÔòÉÔòÉÔòÉÔòÉÔòÉÔòÉÔòÉÔòÉÔòÉÔòÉÔòÉÔòÉÔòÉÔòÉÔòÉÔòÉÔòÉÔòÉÔòÉÔòÉÔòÉÔòÉÔòÉÔòÉÔòÉÔòÉÔòÉÔòÉÔòÉÔòÉÔòÉÔòÉÔòÉÔòÉÔòÉÔòÉÔòÉÔòÉÔòÉÔòÉÔòÉÔòÉÔòÉÔòÉÔòÉÔòÉÔòÉÔòÉÔòÉÔòÉÔòÉÔòÉÔòÉÔòÉÔòÉÔòÉÔòÉÔòÉÔòÉÔòÉÔòÉÔòÉÔòÉÔòÉÔòÉÔòÉÔòÉÔòÉÔòÉÔòÉ
ÔòÉÔòÉÔòí EXCEPTION CAUGHT BY RENDERING LIBRARY Ôò×ÔòÉÔòÉÔòÉÔòÉÔòÉÔòÉÔòÉÔòÉÔòÉÔòÉÔòÉÔòÉÔòÉÔòÉÔòÉÔòÉÔòÉÔòÉÔòÉÔòÉÔòÉÔòÉÔòÉÔòÉÔòÉÔòÉÔòÉÔòÉÔòÉÔòÉÔòÉÔòÉÔòÉÔòÉÔòÉÔòÉÔòÉÔòÉÔòÉÔòÉÔòÉÔòÉÔòÉÔòÉÔòÉÔòÉÔòÉÔòÉÔòÉÔòÉÔòÉÔòÉÔòÉÔòÉÔòÉÔòÉÔòÉ
The following assertion was thrown during layout:
A RenderFlex overflowed by 25 pixels on the right.

The relevant error-causing widget was:
  Row
  Row:file:///C:/Users/pieri/OneDrive/Desktop/2ndsemester/Setap/unisphere-app/lib/widgets/app_footer.dart:145:26

The overflowing RenderFlex has an orientation of Axis.horizontal.
The edge of the RenderFlex that is overflowing has been marked in the rendering with a yellow and
black striped pattern. This is usually caused by the contents being too big for the RenderFlex.
Consider applying a flex factor (e.g. using an Expanded widget) to force the children of the
RenderFlex to fit within the available space instead of being sized to their natural size.
This is considered an error condition because it indicates that there is content that cannot be
seen. If the content is legitimately bigger than the available space, consider clipping it with a
ClipRect widget before putting it in the flex, or using a scrollable container rather than a Flex,
like a ListView.
The specific RenderFlex in question is: RenderFlex#77027 relayoutBoundary=up20 OVERFLOWING:
  creator: Row ÔåÉ LayoutBuilder ÔåÉ Column ÔåÉ ConstrainedBox ÔåÉ Center ÔåÉ Padding ÔåÉ ColoredBox ÔåÉ
    ConstrainedBox ÔåÉ Container ÔåÉ AppFooter ÔåÉ Column ÔåÉ ConstrainedBox ÔåÉ Ôï»
  parentData: offset=Offset(0.0, 0.0) (can use size)
  constraints: BoxConstraints(0.0<=w<=752.0, 0.0<=h<=Infinity)
  size: Size(752.0, 19.0)
  direction: horizontal
  mainAxisAlignment: spaceBetween
  mainAxisSize: max
  crossAxisAlignment: center
  textDirection: ltr
  verticalDirection: down
  spacing: 0.0
ÔùóÔùñÔùóÔùñÔùóÔùñÔùóÔùñÔùóÔùñÔùóÔùñÔùóÔùñÔùóÔùñÔùóÔùñÔùóÔùñÔùóÔùñÔùóÔùñÔùóÔùñÔùóÔùñÔùóÔùñÔùóÔùñÔùóÔùñÔùóÔùñÔùóÔùñÔùóÔùñÔùóÔùñÔùóÔùñÔùóÔùñÔùóÔùñÔùóÔùñÔùóÔùñÔùóÔùñÔùóÔùñÔùóÔùñÔùóÔùñÔùóÔùñÔùóÔùñÔùóÔùñÔùóÔùñÔùóÔùñÔùóÔùñÔùóÔùñÔùóÔùñÔùóÔùñÔùóÔùñÔùóÔùñÔùóÔùñÔùóÔùñÔùóÔùñÔùóÔùñÔùóÔùñÔùóÔùñÔùóÔùñÔùóÔùñÔùóÔùñ
ÔòÉÔòÉÔòÉÔòÉÔòÉÔòÉÔòÉÔòÉÔòÉÔòÉÔòÉÔòÉÔòÉÔòÉÔòÉÔòÉÔòÉÔòÉÔòÉÔòÉÔòÉÔòÉÔòÉÔòÉÔòÉÔòÉÔòÉÔòÉÔòÉÔòÉÔòÉÔòÉÔòÉÔòÉÔòÉÔòÉÔòÉÔòÉÔòÉÔòÉÔòÉÔòÉÔòÉÔòÉÔòÉÔòÉÔòÉÔòÉÔòÉÔòÉÔòÉÔòÉÔòÉÔòÉÔòÉÔòÉÔòÉÔòÉÔòÉÔòÉÔòÉÔòÉÔòÉÔòÉÔòÉÔòÉÔòÉÔòÉÔòÉÔòÉÔòÉÔòÉÔòÉÔòÉÔòÉÔòÉÔòÉÔòÉÔòÉÔòÉÔòÉÔòÉÔòÉÔòÉÔòÉÔòÉÔòÉÔòÉÔòÉÔòÉÔòÉÔòÉÔòÉÔòÉÔòÉÔòÉÔòÉÔòÉÔòÉÔòÉ
ÔòÉÔòÉÔòí EXCEPTION CAUGHT BY FLUTTER TEST FRAMEWORK Ôò×ÔòÉÔòÉÔòÉÔòÉÔòÉÔòÉÔòÉÔòÉÔòÉÔòÉÔòÉÔòÉÔòÉÔòÉÔòÉÔòÉÔòÉÔòÉÔòÉÔòÉÔòÉÔòÉÔòÉÔòÉÔòÉÔòÉÔòÉÔòÉÔòÉÔòÉÔòÉÔòÉÔòÉÔòÉÔòÉÔòÉÔòÉÔòÉÔòÉÔòÉÔòÉÔòÉÔòÉÔòÉÔòÉÔòÉÔòÉÔòÉÔòÉÔòÉÔòÉÔòÉ
The following message was thrown:
Multiple exceptions (2) were detected during the running of the current test, and at least one was
unexpected.
ÔòÉÔòÉÔòÉÔòÉÔòÉÔòÉÔòÉÔòÉÔòÉÔòÉÔòÉÔòÉÔòÉÔòÉÔòÉÔòÉÔòÉÔòÉÔòÉÔòÉÔòÉÔòÉÔòÉÔòÉÔòÉÔòÉÔòÉÔòÉÔòÉÔòÉÔòÉÔòÉÔòÉÔòÉÔòÉÔòÉÔòÉÔòÉÔòÉÔòÉÔòÉÔòÉÔòÉÔòÉÔòÉÔòÉÔòÉÔòÉÔòÉÔòÉÔòÉÔòÉÔòÉÔòÉÔòÉÔòÉÔòÉÔòÉÔòÉÔòÉÔòÉÔòÉÔòÉÔòÉÔòÉÔòÉÔòÉÔòÉÔòÉÔòÉÔòÉÔòÉÔòÉÔòÉÔòÉÔòÉÔòÉÔòÉÔòÉÔòÉÔòÉÔòÉÔòÉÔòÉÔòÉÔòÉÔòÉÔòÉÔòÉÔòÉÔòÉÔòÉÔòÉÔòÉÔòÉÔòÉÔòÉÔòÉÔòÉÔòÉ
00:01 +0 -2: DiscoverEventScreen initialSearchQuery is applied on load [E]
  Test failed. See exception logs above.
  The test description was: initialSearchQuery is applied on load
  
00:01 +0 -2: DiscoverEventScreen search functionality works
ÔòÉÔòÉÔòí EXCEPTION CAUGHT BY RENDERING LIBRARY Ôò×ÔòÉÔòÉÔòÉÔòÉÔòÉÔòÉÔòÉÔòÉÔòÉÔòÉÔòÉÔòÉÔòÉÔòÉÔòÉÔòÉÔòÉÔòÉÔòÉÔòÉÔòÉÔòÉÔòÉÔòÉÔòÉÔòÉÔòÉÔòÉÔòÉÔòÉÔòÉÔòÉÔòÉÔòÉÔòÉÔòÉÔòÉÔòÉÔòÉÔòÉÔòÉÔòÉÔòÉÔòÉÔòÉÔòÉÔòÉÔòÉÔòÉÔòÉÔòÉÔòÉÔòÉÔòÉÔòÉÔòÉÔòÉ
The following assertion was thrown during layout:
A RenderFlex overflowed by 614 pixels on the right.

The relevant error-causing widget was:
  Row
  Row:file:///C:/Users/pieri/OneDrive/Desktop/2ndsemester/Setap/unisphere-app/lib/widgets/header.dart:183:17

The overflowing RenderFlex has an orientation of Axis.horizontal.
The edge of the RenderFlex that is overflowing has been marked in the rendering with a yellow and
black striped pattern. This is usually caused by the contents being too big for the RenderFlex.
Consider applying a flex factor (e.g. using an Expanded widget) to force the children of the
RenderFlex to fit within the available space instead of being sized to their natural size.
This is considered an error condition because it indicates that there is content that cannot be
seen. If the content is legitimately bigger than the available space, consider clipping it with a
ClipRect widget before putting it in the flex, or using a scrollable container rather than a Flex,
like a ListView.
The specific RenderFlex in question is: RenderFlex#74026 relayoutBoundary=up19 OVERFLOWING:
  creator: Row ÔåÉ ConstrainedBox ÔåÉ Center ÔåÉ Padding ÔåÉ ColoredBox ÔåÉ ConstrainedBox ÔåÉ Container ÔåÉ
    AppHeader ÔåÉ Column ÔåÉ Column ÔåÉ ConstrainedBox ÔåÉ _SingleChildViewport ÔåÉ Ôï»
  parentData: <none> (can use size)
  constraints: BoxConstraints(0.0<=w<=752.0, 0.0<=h<=Infinity)
  size: Size(752.0, 52.0)
  direction: horizontal
  mainAxisAlignment: spaceBetween
  mainAxisSize: max
  crossAxisAlignment: center
  textDirection: ltr
  verticalDirection: down
  spacing: 0.0
ÔùóÔùñÔùóÔùñÔùóÔùñÔùóÔùñÔùóÔùñÔùóÔùñÔùóÔùñÔùóÔùñÔùóÔùñÔùóÔùñÔùóÔùñÔùóÔùñÔùóÔùñÔùóÔùñÔùóÔùñÔùóÔùñÔùóÔùñÔùóÔùñÔùóÔùñÔùóÔùñÔùóÔùñÔùóÔùñÔùóÔùñÔùóÔùñÔùóÔùñÔùóÔùñÔùóÔùñÔùóÔùñÔùóÔùñÔùóÔùñÔùóÔùñÔùóÔùñÔùóÔùñÔùóÔùñÔùóÔùñÔùóÔùñÔùóÔùñÔùóÔùñÔùóÔùñÔùóÔùñÔùóÔùñÔùóÔùñÔùóÔùñÔùóÔùñÔùóÔùñÔùóÔùñÔùóÔùñÔùóÔùñÔùóÔùñÔùóÔùñ
ÔòÉÔòÉÔòÉÔòÉÔòÉÔòÉÔòÉÔòÉÔòÉÔòÉÔòÉÔòÉÔòÉÔòÉÔòÉÔòÉÔòÉÔòÉÔòÉÔòÉÔòÉÔòÉÔòÉÔòÉÔòÉÔòÉÔòÉÔòÉÔòÉÔòÉÔòÉÔòÉÔòÉÔòÉÔòÉÔòÉÔòÉÔòÉÔòÉÔòÉÔòÉÔòÉÔòÉÔòÉÔòÉÔòÉÔòÉÔòÉÔòÉÔòÉÔòÉÔòÉÔòÉÔòÉÔòÉÔòÉÔòÉÔòÉÔòÉÔòÉÔòÉÔòÉÔòÉÔòÉÔòÉÔòÉÔòÉÔòÉÔòÉÔòÉÔòÉÔòÉÔòÉÔòÉÔòÉÔòÉÔòÉÔòÉÔòÉÔòÉÔòÉÔòÉÔòÉÔòÉÔòÉÔòÉÔòÉÔòÉÔòÉÔòÉÔòÉÔòÉÔòÉÔòÉÔòÉÔòÉÔòÉÔòÉÔòÉÔòÉ
ÔòÉÔòÉÔòí EXCEPTION CAUGHT BY RENDERING LIBRARY Ôò×ÔòÉÔòÉÔòÉÔòÉÔòÉÔòÉÔòÉÔòÉÔòÉÔòÉÔòÉÔòÉÔòÉÔòÉÔòÉÔòÉÔòÉÔòÉÔòÉÔòÉÔòÉÔòÉÔòÉÔòÉÔòÉÔòÉÔòÉÔòÉÔòÉÔòÉÔòÉÔòÉÔòÉÔòÉÔòÉÔòÉÔòÉÔòÉÔòÉÔòÉÔòÉÔòÉÔòÉÔòÉÔòÉÔòÉÔòÉÔòÉÔòÉÔòÉÔòÉÔòÉÔòÉÔòÉÔòÉÔòÉÔòÉ
The following assertion was thrown during layout:
A RenderFlex overflowed by 25 pixels on the right.

The relevant error-causing widget was:
  Row
  Row:file:///C:/Users/pieri/OneDrive/Desktop/2ndsemester/Setap/unisphere-app/lib/widgets/app_footer.dart:145:26

The overflowing RenderFlex has an orientation of Axis.horizontal.
The edge of the RenderFlex that is overflowing has been marked in the rendering with a yellow and
black striped pattern. This is usually caused by the contents being too big for the RenderFlex.
Consider applying a flex factor (e.g. using an Expanded widget) to force the children of the
RenderFlex to fit within the available space instead of being sized to their natural size.
This is considered an error condition because it indicates that there is content that cannot be
seen. If the content is legitimately bigger than the available space, consider clipping it with a
ClipRect widget before putting it in the flex, or using a scrollable container rather than a Flex,
like a ListView.
The specific RenderFlex in question is: RenderFlex#e220a relayoutBoundary=up20 OVERFLOWING:
  creator: Row ÔåÉ LayoutBuilder ÔåÉ Column ÔåÉ ConstrainedBox ÔåÉ Center ÔåÉ Padding ÔåÉ ColoredBox ÔåÉ
    ConstrainedBox ÔåÉ Container ÔåÉ AppFooter ÔåÉ Column ÔåÉ ConstrainedBox ÔåÉ Ôï»
  parentData: offset=Offset(0.0, 0.0) (can use size)
  constraints: BoxConstraints(0.0<=w<=752.0, 0.0<=h<=Infinity)
  size: Size(752.0, 19.0)
  direction: horizontal
  mainAxisAlignment: spaceBetween
  mainAxisSize: max
  crossAxisAlignment: center
  textDirection: ltr
  verticalDirection: down
  spacing: 0.0
ÔùóÔùñÔùóÔùñÔùóÔùñÔùóÔùñÔùóÔùñÔùóÔùñÔùóÔùñÔùóÔùñÔùóÔùñÔùóÔùñÔùóÔùñÔùóÔùñÔùóÔùñÔùóÔùñÔùóÔùñÔùóÔùñÔùóÔùñÔùóÔùñÔùóÔùñÔùóÔùñÔùóÔùñÔùóÔùñÔùóÔùñÔùóÔùñÔùóÔùñÔùóÔùñÔùóÔùñÔùóÔùñÔùóÔùñÔùóÔùñÔùóÔùñÔùóÔùñÔùóÔùñÔùóÔùñÔùóÔùñÔùóÔùñÔùóÔùñÔùóÔùñÔùóÔùñÔùóÔùñÔùóÔùñÔùóÔùñÔùóÔùñÔùóÔùñÔùóÔùñÔùóÔùñÔùóÔùñÔùóÔùñÔùóÔùñÔùóÔùñ
ÔòÉÔòÉÔòÉÔòÉÔòÉÔòÉÔòÉÔòÉÔòÉÔòÉÔòÉÔòÉÔòÉÔòÉÔòÉÔòÉÔòÉÔòÉÔòÉÔòÉÔòÉÔòÉÔòÉÔòÉÔòÉÔòÉÔòÉÔòÉÔòÉÔòÉÔòÉÔòÉÔòÉÔòÉÔòÉÔòÉÔòÉÔòÉÔòÉÔòÉÔòÉÔòÉÔòÉÔòÉÔòÉÔòÉÔòÉÔòÉÔòÉÔòÉÔòÉÔòÉÔòÉÔòÉÔòÉÔòÉÔòÉÔòÉÔòÉÔòÉÔòÉÔòÉÔòÉÔòÉÔòÉÔòÉÔòÉÔòÉÔòÉÔòÉÔòÉÔòÉÔòÉÔòÉÔòÉÔòÉÔòÉÔòÉÔòÉÔòÉÔòÉÔòÉÔòÉÔòÉÔòÉÔòÉÔòÉÔòÉÔòÉÔòÉÔòÉÔòÉÔòÉÔòÉÔòÉÔòÉÔòÉÔòÉÔòÉÔòÉ
ÔòÉÔòÉÔòí EXCEPTION CAUGHT BY FLUTTER TEST FRAMEWORK Ôò×ÔòÉÔòÉÔòÉÔòÉÔòÉÔòÉÔòÉÔòÉÔòÉÔòÉÔòÉÔòÉÔòÉÔòÉÔòÉÔòÉÔòÉÔòÉÔòÉÔòÉÔòÉÔòÉÔòÉÔòÉÔòÉÔòÉÔòÉÔòÉÔòÉÔòÉÔòÉÔòÉÔòÉÔòÉÔòÉÔòÉÔòÉÔòÉÔòÉÔòÉÔòÉÔòÉÔòÉÔòÉÔòÉÔòÉÔòÉÔòÉÔòÉÔòÉÔòÉÔòÉ
The following message was thrown:
Multiple exceptions (2) were detected during the running of the current test, and at least one was
unexpected.
ÔòÉÔòÉÔòÉÔòÉÔòÉÔòÉÔòÉÔòÉÔòÉÔòÉÔòÉÔòÉÔòÉÔòÉÔòÉÔòÉÔòÉÔòÉÔòÉÔòÉÔòÉÔòÉÔòÉÔòÉÔòÉÔòÉÔòÉÔòÉÔòÉÔòÉÔòÉÔòÉÔòÉÔòÉÔòÉÔòÉÔòÉÔòÉÔòÉÔòÉÔòÉÔòÉÔòÉÔòÉÔòÉÔòÉÔòÉÔòÉÔòÉÔòÉÔòÉÔòÉÔòÉÔòÉÔòÉÔòÉÔòÉÔòÉÔòÉÔòÉÔòÉÔòÉÔòÉÔòÉÔòÉÔòÉÔòÉÔòÉÔòÉÔòÉÔòÉÔòÉÔòÉÔòÉÔòÉÔòÉÔòÉÔòÉÔòÉÔòÉÔòÉÔòÉÔòÉÔòÉÔòÉÔòÉÔòÉÔòÉÔòÉÔòÉÔòÉÔòÉÔòÉÔòÉÔòÉÔòÉÔòÉÔòÉÔòÉÔòÉ
00:02 +0 -3: DiscoverEventScreen search functionality works [E]
  Test failed. See exception logs above.
  The test description was: search functionality works
  
00:02 +0 -3: DiscoverEventScreen filter dropdown works and toggles date filters
ÔòÉÔòÉÔòí EXCEPTION CAUGHT BY RENDERING LIBRARY Ôò×ÔòÉÔòÉÔòÉÔòÉÔòÉÔòÉÔòÉÔòÉÔòÉÔòÉÔòÉÔòÉÔòÉÔòÉÔòÉÔòÉÔòÉÔòÉÔòÉÔòÉÔòÉÔòÉÔòÉÔòÉÔòÉÔòÉÔòÉÔòÉÔòÉÔòÉÔòÉÔòÉÔòÉÔòÉÔòÉÔòÉÔòÉÔòÉÔòÉÔòÉÔòÉÔòÉÔòÉÔòÉÔòÉÔòÉÔòÉÔòÉÔòÉÔòÉÔòÉÔòÉÔòÉÔòÉÔòÉÔòÉÔòÉ
The following assertion was thrown during layout:
A RenderFlex overflowed by 614 pixels on the right.

The relevant error-causing widget was:
  Row
  Row:file:///C:/Users/pieri/OneDrive/Desktop/2ndsemester/Setap/unisphere-app/lib/widgets/header.dart:183:17

The overflowing RenderFlex has an orientation of Axis.horizontal.
The edge of the RenderFlex that is overflowing has been marked in the rendering with a yellow and
black striped pattern. This is usually caused by the contents being too big for the RenderFlex.
Consider applying a flex factor (e.g. using an Expanded widget) to force the children of the
RenderFlex to fit within the available space instead of being sized to their natural size.
This is considered an error condition because it indicates that there is content that cannot be
seen. If the content is legitimately bigger than the available space, consider clipping it with a
ClipRect widget before putting it in the flex, or using a scrollable container rather than a Flex,
like a ListView.
The specific RenderFlex in question is: RenderFlex#852b5 relayoutBoundary=up19 OVERFLOWING:
  creator: Row ÔåÉ ConstrainedBox ÔåÉ Center ÔåÉ Padding ÔåÉ ColoredBox ÔåÉ ConstrainedBox ÔåÉ Container ÔåÉ
    AppHeader ÔåÉ Column ÔåÉ Column ÔåÉ ConstrainedBox ÔåÉ _SingleChildViewport ÔåÉ Ôï»
  parentData: <none> (can use size)
  constraints: BoxConstraints(0.0<=w<=752.0, 0.0<=h<=Infinity)
  size: Size(752.0, 52.0)
  direction: horizontal
  mainAxisAlignment: spaceBetween
  mainAxisSize: max
  crossAxisAlignment: center
  textDirection: ltr
  verticalDirection: down
  spacing: 0.0
ÔùóÔùñÔùóÔùñÔùóÔùñÔùóÔùñÔùóÔùñÔùóÔùñÔùóÔùñÔùóÔùñÔùóÔùñÔùóÔùñÔùóÔùñÔùóÔùñÔùóÔùñÔùóÔùñÔùóÔùñÔùóÔùñÔùóÔùñÔùóÔùñÔùóÔùñÔùóÔùñÔùóÔùñÔùóÔùñÔùóÔùñÔùóÔùñÔùóÔùñÔùóÔùñÔùóÔùñÔùóÔùñÔùóÔùñÔùóÔùñÔùóÔùñÔùóÔùñÔùóÔùñÔùóÔùñÔùóÔùñÔùóÔùñÔùóÔùñÔùóÔùñÔùóÔùñÔùóÔùñÔùóÔùñÔùóÔùñÔùóÔùñÔùóÔùñÔùóÔùñÔùóÔùñÔùóÔùñÔùóÔùñÔùóÔùñÔùóÔùñ
ÔòÉÔòÉÔòÉÔòÉÔòÉÔòÉÔòÉÔòÉÔòÉÔòÉÔòÉÔòÉÔòÉÔòÉÔòÉÔòÉÔòÉÔòÉÔòÉÔòÉÔòÉÔòÉÔòÉÔòÉÔòÉÔòÉÔòÉÔòÉÔòÉÔòÉÔòÉÔòÉÔòÉÔòÉÔòÉÔòÉÔòÉÔòÉÔòÉÔòÉÔòÉÔòÉÔòÉÔòÉÔòÉÔòÉÔòÉÔòÉÔòÉÔòÉÔòÉÔòÉÔòÉÔòÉÔòÉÔòÉÔòÉÔòÉÔòÉÔòÉÔòÉÔòÉÔòÉÔòÉÔòÉÔòÉÔòÉÔòÉÔòÉÔòÉÔòÉÔòÉÔòÉÔòÉÔòÉÔòÉÔòÉÔòÉÔòÉÔòÉÔòÉÔòÉÔòÉÔòÉÔòÉÔòÉÔòÉÔòÉÔòÉÔòÉÔòÉÔòÉÔòÉÔòÉÔòÉÔòÉÔòÉÔòÉÔòÉÔòÉ
ÔòÉÔòÉÔòí EXCEPTION CAUGHT BY RENDERING LIBRARY Ôò×ÔòÉÔòÉÔòÉÔòÉÔòÉÔòÉÔòÉÔòÉÔòÉÔòÉÔòÉÔòÉÔòÉÔòÉÔòÉÔòÉÔòÉÔòÉÔòÉÔòÉÔòÉÔòÉÔòÉÔòÉÔòÉÔòÉÔòÉÔòÉÔòÉÔòÉÔòÉÔòÉÔòÉÔòÉÔòÉÔòÉÔòÉÔòÉÔòÉÔòÉÔòÉÔòÉÔòÉÔòÉÔòÉÔòÉÔòÉÔòÉÔòÉÔòÉÔòÉÔòÉÔòÉÔòÉÔòÉÔòÉÔòÉ
The following assertion was thrown during layout:
A RenderFlex overflowed by 25 pixels on the right.

The relevant error-causing widget was:
  Row
  Row:file:///C:/Users/pieri/OneDrive/Desktop/2ndsemester/Setap/unisphere-app/lib/widgets/app_footer.dart:145:26

The overflowing RenderFlex has an orientation of Axis.horizontal.
The edge of the RenderFlex that is overflowing has been marked in the rendering with a yellow and
black striped pattern. This is usually caused by the contents being too big for the RenderFlex.
Consider applying a flex factor (e.g. using an Expanded widget) to force the children of the
RenderFlex to fit within the available space instead of being sized to their natural size.
This is considered an error condition because it indicates that there is content that cannot be
seen. If the content is legitimately bigger than the available space, consider clipping it with a
ClipRect widget before putting it in the flex, or using a scrollable container rather than a Flex,
like a ListView.
The specific RenderFlex in question is: RenderFlex#c437d relayoutBoundary=up20 OVERFLOWING:
  creator: Row ÔåÉ LayoutBuilder ÔåÉ Column ÔåÉ ConstrainedBox ÔåÉ Center ÔåÉ Padding ÔåÉ ColoredBox ÔåÉ
    ConstrainedBox ÔåÉ Container ÔåÉ AppFooter ÔåÉ Column ÔåÉ ConstrainedBox ÔåÉ Ôï»
  parentData: offset=Offset(0.0, 0.0) (can use size)
  constraints: BoxConstraints(0.0<=w<=752.0, 0.0<=h<=Infinity)
  size: Size(752.0, 19.0)
  direction: horizontal
  mainAxisAlignment: spaceBetween
  mainAxisSize: max
  crossAxisAlignment: center
  textDirection: ltr
  verticalDirection: down
  spacing: 0.0
ÔùóÔùñÔùóÔùñÔùóÔùñÔùóÔùñÔùóÔùñÔùóÔùñÔùóÔùñÔùóÔùñÔùóÔùñÔùóÔùñÔùóÔùñÔùóÔùñÔùóÔùñÔùóÔùñÔùóÔùñÔùóÔùñÔùóÔùñÔùóÔùñÔùóÔùñÔùóÔùñÔùóÔùñÔùóÔùñÔùóÔùñÔùóÔùñÔùóÔùñÔùóÔùñÔùóÔùñÔùóÔùñÔùóÔùñÔùóÔùñÔùóÔùñÔùóÔùñÔùóÔùñÔùóÔùñÔùóÔùñÔùóÔùñÔùóÔùñÔùóÔùñÔùóÔùñÔùóÔùñÔùóÔùñÔùóÔùñÔùóÔùñÔùóÔùñÔùóÔùñÔùóÔùñÔùóÔùñÔùóÔùñÔùóÔùñÔùóÔùñ
ÔòÉÔòÉÔòÉÔòÉÔòÉÔòÉÔòÉÔòÉÔòÉÔòÉÔòÉÔòÉÔòÉÔòÉÔòÉÔòÉÔòÉÔòÉÔòÉÔòÉÔòÉÔòÉÔòÉÔòÉÔòÉÔòÉÔòÉÔòÉÔòÉÔòÉÔòÉÔòÉÔòÉÔòÉÔòÉÔòÉÔòÉÔòÉÔòÉÔòÉÔòÉÔòÉÔòÉÔòÉÔòÉÔòÉÔòÉÔòÉÔòÉÔòÉÔòÉÔòÉÔòÉÔòÉÔòÉÔòÉÔòÉÔòÉÔòÉÔòÉÔòÉÔòÉÔòÉÔòÉÔòÉÔòÉÔòÉÔòÉÔòÉÔòÉÔòÉÔòÉÔòÉÔòÉÔòÉÔòÉÔòÉÔòÉÔòÉÔòÉÔòÉÔòÉÔòÉÔòÉÔòÉÔòÉÔòÉÔòÉÔòÉÔòÉÔòÉÔòÉÔòÉÔòÉÔòÉÔòÉÔòÉÔòÉÔòÉÔòÉ
ÔòÉÔòÉÔòí EXCEPTION CAUGHT BY FLUTTER TEST FRAMEWORK Ôò×ÔòÉÔòÉÔòÉÔòÉÔòÉÔòÉÔòÉÔòÉÔòÉÔòÉÔòÉÔòÉÔòÉÔòÉÔòÉÔòÉÔòÉÔòÉÔòÉÔòÉÔòÉÔòÉÔòÉÔòÉÔòÉÔòÉÔòÉÔòÉÔòÉÔòÉÔòÉÔòÉÔòÉÔòÉÔòÉÔòÉÔòÉÔòÉÔòÉÔòÉÔòÉÔòÉÔòÉÔòÉÔòÉÔòÉÔòÉÔòÉÔòÉÔòÉÔòÉÔòÉ
The following TestFailure was thrown running a test:
Expected: exactly one matching candidate
  Actual: _TextWidgetFinder:<Found 0 widgets with text "Today": []>
   Which: means none were found but one was expected

When the exception was thrown, this was the stack:
#4      main.<anonymous closure>.<anonymous closure> (file:///C:/Users/pieri/OneDrive/Desktop/2ndsemester/Setap/unisphere-app/test/screens/discover_event_screen_test.dart:102:7)
<asynchronous suspension>
#5      testWidgets.<anonymous closure>.<anonymous closure> (package:flutter_test/src/widget_tester.dart:192:15)
<asynchronous suspension>
#6      TestWidgetsFlutterBinding._runTestBody (package:flutter_test/src/binding.dart:1059:5)
<asynchronous suspension>
<asynchronous suspension>
(elided one frame from package:stack_trace)

This was caught by the test expectation on the following line:
  file:///C:/Users/pieri/OneDrive/Desktop/2ndsemester/Setap/unisphere-app/test/screens/discover_event_screen_test.dart line 102
The test description was:
  filter dropdown works and toggles date filters
ÔòÉÔòÉÔòÉÔòÉÔòÉÔòÉÔòÉÔòÉÔòÉÔòÉÔòÉÔòÉÔòÉÔòÉÔòÉÔòÉÔòÉÔòÉÔòÉÔòÉÔòÉÔòÉÔòÉÔòÉÔòÉÔòÉÔòÉÔòÉÔòÉÔòÉÔòÉÔòÉÔòÉÔòÉÔòÉÔòÉÔòÉÔòÉÔòÉÔòÉÔòÉÔòÉÔòÉÔòÉÔòÉÔòÉÔòÉÔòÉÔòÉÔòÉÔòÉÔòÉÔòÉÔòÉÔòÉÔòÉÔòÉÔòÉÔòÉÔòÉÔòÉÔòÉÔòÉÔòÉÔòÉÔòÉÔòÉÔòÉÔòÉÔòÉÔòÉÔòÉÔòÉÔòÉÔòÉÔòÉÔòÉÔòÉÔòÉÔòÉÔòÉÔòÉÔòÉÔòÉÔòÉÔòÉÔòÉÔòÉÔòÉÔòÉÔòÉÔòÉÔòÉÔòÉÔòÉÔòÉÔòÉÔòÉÔòÉÔòÉ
ÔòÉÔòÉÔòí EXCEPTION CAUGHT BY FLUTTER TEST FRAMEWORK Ôò×ÔòÉÔòÉÔòÉÔòÉÔòÉÔòÉÔòÉÔòÉÔòÉÔòÉÔòÉÔòÉÔòÉÔòÉÔòÉÔòÉÔòÉÔòÉÔòÉÔòÉÔòÉÔòÉÔòÉÔòÉÔòÉÔòÉÔòÉÔòÉÔòÉÔòÉÔòÉÔòÉÔòÉÔòÉÔòÉÔòÉÔòÉÔòÉÔòÉÔòÉÔòÉÔòÉÔòÉÔòÉÔòÉÔòÉÔòÉÔòÉÔòÉÔòÉÔòÉÔòÉ
The following message was thrown:
Multiple exceptions (3) were detected during the running of the current test, and at least one was
unexpected.
ÔòÉÔòÉÔòÉÔòÉÔòÉÔòÉÔòÉÔòÉÔòÉÔòÉÔòÉÔòÉÔòÉÔòÉÔòÉÔòÉÔòÉÔòÉÔòÉÔòÉÔòÉÔòÉÔòÉÔòÉÔòÉÔòÉÔòÉÔòÉÔòÉÔòÉÔòÉÔòÉÔòÉÔòÉÔòÉÔòÉÔòÉÔòÉÔòÉÔòÉÔòÉÔòÉÔòÉÔòÉÔòÉÔòÉÔòÉÔòÉÔòÉÔòÉÔòÉÔòÉÔòÉÔòÉÔòÉÔòÉÔòÉÔòÉÔòÉÔòÉÔòÉÔòÉÔòÉÔòÉÔòÉÔòÉÔòÉÔòÉÔòÉÔòÉÔòÉÔòÉÔòÉÔòÉÔòÉÔòÉÔòÉÔòÉÔòÉÔòÉÔòÉÔòÉÔòÉÔòÉÔòÉÔòÉÔòÉÔòÉÔòÉÔòÉÔòÉÔòÉÔòÉÔòÉÔòÉÔòÉÔòÉÔòÉÔòÉÔòÉ
00:02 +0 -4: DiscoverEventScreen filter dropdown works and toggles date filters [E]
  Test failed. See exception logs above.
  The test description was: filter dropdown works and toggles date filters
  
00:02 +0 -4: DiscoverEventScreen category chips work and filter correctly
ÔòÉÔòÉÔòí EXCEPTION CAUGHT BY RENDERING LIBRARY Ôò×ÔòÉÔòÉÔòÉÔòÉÔòÉÔòÉÔòÉÔòÉÔòÉÔòÉÔòÉÔòÉÔòÉÔòÉÔòÉÔòÉÔòÉÔòÉÔòÉÔòÉÔòÉÔòÉÔòÉÔòÉÔòÉÔòÉÔòÉÔòÉÔòÉÔòÉÔòÉÔòÉÔòÉÔòÉÔòÉÔòÉÔòÉÔòÉÔòÉÔòÉÔòÉÔòÉÔòÉÔòÉÔòÉÔòÉÔòÉÔòÉÔòÉÔòÉÔòÉÔòÉÔòÉÔòÉÔòÉÔòÉÔòÉ
The following assertion was thrown during layout:
A RenderFlex overflowed by 614 pixels on the right.

The relevant error-causing widget was:
  Row
  Row:file:///C:/Users/pieri/OneDrive/Desktop/2ndsemester/Setap/unisphere-app/lib/widgets/header.dart:183:17

The overflowing RenderFlex has an orientation of Axis.horizontal.
The edge of the RenderFlex that is overflowing has been marked in the rendering with a yellow and
black striped pattern. This is usually caused by the contents being too big for the RenderFlex.
Consider applying a flex factor (e.g. using an Expanded widget) to force the children of the
RenderFlex to fit within the available space instead of being sized to their natural size.
This is considered an error condition because it indicates that there is content that cannot be
seen. If the content is legitimately bigger than the available space, consider clipping it with a
ClipRect widget before putting it in the flex, or using a scrollable container rather than a Flex,
like a ListView.
The specific RenderFlex in question is: RenderFlex#d8a87 relayoutBoundary=up19 OVERFLOWING:
  creator: Row ÔåÉ ConstrainedBox ÔåÉ Center ÔåÉ Padding ÔåÉ ColoredBox ÔåÉ ConstrainedBox ÔåÉ Container ÔåÉ
    AppHeader ÔåÉ Column ÔåÉ Column ÔåÉ ConstrainedBox ÔåÉ _SingleChildViewport ÔåÉ Ôï»
  parentData: <none> (can use size)
  constraints: BoxConstraints(0.0<=w<=752.0, 0.0<=h<=Infinity)
  size: Size(752.0, 52.0)
  direction: horizontal
  mainAxisAlignment: spaceBetween
  mainAxisSize: max
  crossAxisAlignment: center
  textDirection: ltr
  verticalDirection: down
  spacing: 0.0
ÔùóÔùñÔùóÔùñÔùóÔùñÔùóÔùñÔùóÔùñÔùóÔùñÔùóÔùñÔùóÔùñÔùóÔùñÔùóÔùñÔùóÔùñÔùóÔùñÔùóÔùñÔùóÔùñÔùóÔùñÔùóÔùñÔùóÔùñÔùóÔùñÔùóÔùñÔùóÔùñÔùóÔùñÔùóÔùñÔùóÔùñÔùóÔùñÔùóÔùñÔùóÔùñÔùóÔùñÔùóÔùñÔùóÔùñÔùóÔùñÔùóÔùñÔùóÔùñÔùóÔùñÔùóÔùñÔùóÔùñÔùóÔùñÔùóÔùñÔùóÔùñÔùóÔùñÔùóÔùñÔùóÔùñÔùóÔùñÔùóÔùñÔùóÔùñÔùóÔùñÔùóÔùñÔùóÔùñÔùóÔùñÔùóÔùñÔùóÔùñ
ÔòÉÔòÉÔòÉÔòÉÔòÉÔòÉÔòÉÔòÉÔòÉÔòÉÔòÉÔòÉÔòÉÔòÉÔòÉÔòÉÔòÉÔòÉÔòÉÔòÉÔòÉÔòÉÔòÉÔòÉÔòÉÔòÉÔòÉÔòÉÔòÉÔòÉÔòÉÔòÉÔòÉÔòÉÔòÉÔòÉÔòÉÔòÉÔòÉÔòÉÔòÉÔòÉÔòÉÔòÉÔòÉÔòÉÔòÉÔòÉÔòÉÔòÉÔòÉÔòÉÔòÉÔòÉÔòÉÔòÉÔòÉÔòÉÔòÉÔòÉÔòÉÔòÉÔòÉÔòÉÔòÉÔòÉÔòÉÔòÉÔòÉÔòÉÔòÉÔòÉÔòÉÔòÉÔòÉÔòÉÔòÉÔòÉÔòÉÔòÉÔòÉÔòÉÔòÉÔòÉÔòÉÔòÉÔòÉÔòÉÔòÉÔòÉÔòÉÔòÉÔòÉÔòÉÔòÉÔòÉÔòÉÔòÉÔòÉÔòÉ
ÔòÉÔòÉÔòí EXCEPTION CAUGHT BY RENDERING LIBRARY Ôò×ÔòÉÔòÉÔòÉÔòÉÔòÉÔòÉÔòÉÔòÉÔòÉÔòÉÔòÉÔòÉÔòÉÔòÉÔòÉÔòÉÔòÉÔòÉÔòÉÔòÉÔòÉÔòÉÔòÉÔòÉÔòÉÔòÉÔòÉÔòÉÔòÉÔòÉÔòÉÔòÉÔòÉÔòÉÔòÉÔòÉÔòÉÔòÉÔòÉÔòÉÔòÉÔòÉÔòÉÔòÉÔòÉÔòÉÔòÉÔòÉÔòÉÔòÉÔòÉÔòÉÔòÉÔòÉÔòÉÔòÉÔòÉ
The following assertion was thrown during layout:
A RenderFlex overflowed by 25 pixels on the right.

The relevant error-causing widget was:
  Row
  Row:file:///C:/Users/pieri/OneDrive/Desktop/2ndsemester/Setap/unisphere-app/lib/widgets/app_footer.dart:145:26

The overflowing RenderFlex has an orientation of Axis.horizontal.
The edge of the RenderFlex that is overflowing has been marked in the rendering with a yellow and
black striped pattern. This is usually caused by the contents being too big for the RenderFlex.
Consider applying a flex factor (e.g. using an Expanded widget) to force the children of the
RenderFlex to fit within the available space instead of being sized to their natural size.
This is considered an error condition because it indicates that there is content that cannot be
seen. If the content is legitimately bigger than the available space, consider clipping it with a
ClipRect widget before putting it in the flex, or using a scrollable container rather than a Flex,
like a ListView.
The specific RenderFlex in question is: RenderFlex#85489 relayoutBoundary=up20 OVERFLOWING:
  creator: Row ÔåÉ LayoutBuilder ÔåÉ Column ÔåÉ ConstrainedBox ÔåÉ Center ÔåÉ Padding ÔåÉ ColoredBox ÔåÉ
    ConstrainedBox ÔåÉ Container ÔåÉ AppFooter ÔåÉ Column ÔåÉ ConstrainedBox ÔåÉ Ôï»
  parentData: offset=Offset(0.0, 0.0) (can use size)
  constraints: BoxConstraints(0.0<=w<=752.0, 0.0<=h<=Infinity)
  size: Size(752.0, 19.0)
  direction: horizontal
  mainAxisAlignment: spaceBetween
  mainAxisSize: max
  crossAxisAlignment: center
  textDirection: ltr
  verticalDirection: down
  spacing: 0.0
ÔùóÔùñÔùóÔùñÔùóÔùñÔùóÔùñÔùóÔùñÔùóÔùñÔùóÔùñÔùóÔùñÔùóÔùñÔùóÔùñÔùóÔùñÔùóÔùñÔùóÔùñÔùóÔùñÔùóÔùñÔùóÔùñÔùóÔùñÔùóÔùñÔùóÔùñÔùóÔùñÔùóÔùñÔùóÔùñÔùóÔùñÔùóÔùñÔùóÔùñÔùóÔùñÔùóÔùñÔùóÔùñÔùóÔùñÔùóÔùñÔùóÔùñÔùóÔùñÔùóÔùñÔùóÔùñÔùóÔùñÔùóÔùñÔùóÔùñÔùóÔùñÔùóÔùñÔùóÔùñÔùóÔùñÔùóÔùñÔùóÔùñÔùóÔùñÔùóÔùñÔùóÔùñÔùóÔùñÔùóÔùñÔùóÔùñÔùóÔùñ
ÔòÉÔòÉÔòÉÔòÉÔòÉÔòÉÔòÉÔòÉÔòÉÔòÉÔòÉÔòÉÔòÉÔòÉÔòÉÔòÉÔòÉÔòÉÔòÉÔòÉÔòÉÔòÉÔòÉÔòÉÔòÉÔòÉÔòÉÔòÉÔòÉÔòÉÔòÉÔòÉÔòÉÔòÉÔòÉÔòÉÔòÉÔòÉÔòÉÔòÉÔòÉÔòÉÔòÉÔòÉÔòÉÔòÉÔòÉÔòÉÔòÉÔòÉÔòÉÔòÉÔòÉÔòÉÔòÉÔòÉÔòÉÔòÉÔòÉÔòÉÔòÉÔòÉÔòÉÔòÉÔòÉÔòÉÔòÉÔòÉÔòÉÔòÉÔòÉÔòÉÔòÉÔòÉÔòÉÔòÉÔòÉÔòÉÔòÉÔòÉÔòÉÔòÉÔòÉÔòÉÔòÉÔòÉÔòÉÔòÉÔòÉÔòÉÔòÉÔòÉÔòÉÔòÉÔòÉÔòÉÔòÉÔòÉÔòÉÔòÉ

Warning: A call to tap() with finder "Found 1 widget with text "Sports" (ignoring all but last): [
  Text("Sports", inherit: true, color: Color(alpha: 1.0000, red: 0.3098, green: 0.2745, blue: 0.8980, colorSpace: ColorSpace.sRGB), size: 12.0, weight: 600, dependencies: [DefaultSelectionStyle, DefaultTextStyle, MediaQuery]),
]" derived an Offset (Offset(81.8, 889.2)) that would not hit test on the specified widget.
Maybe the widget is actually off-screen, or another widget is obscuring it, or the widget cannot receive pointer events.
Indeed, Offset(81.8, 889.2) is outside the bounds of the root of the render tree, Size(800.0, 600.0).
The finder corresponds to this RenderBox: RenderParagraph#932d4 relayoutBoundary=up6
The hit test result at that offset is: HitTestResult(HitTestEntry<HitTestTarget>#f5adc(_ReusableRenderView#c893a), HitTestEntry<HitTestTarget>#f71b6(<AutomatedTestWidgetsFlutterBinding>))
#0      WidgetController._getElementPoint (package:flutter_test/src/controller.dart:2081:25)
#1      WidgetController.getCenter (package:flutter_test/src/controller.dart:1865:12)
#2      WidgetController.tap (package:flutter_test/src/controller.dart:1045:7)
#3      main.<anonymous closure>.<anonymous closure> (file:///C:/Users/pieri/OneDrive/Desktop/2ndsemester/Setap/unisphere-app/test/screens/discover_event_screen_test.dart:153:20)
<asynchronous suspension>
#4      testWidgets.<anonymous closure>.<anonymous closure> (package:flutter_test/src/widget_tester.dart:192:15)
<asynchronous suspension>
#5      TestWidgetsFlutterBinding._runTestBody (package:flutter_test/src/binding.dart:1059:5)
<asynchronous suspension>
#6      StackZoneSpecification._registerCallback.<anonymous closure> (package:stack_trace/src/stack_zone_specification.dart:114:42)
<asynchronous suspension>
To silence this warning, pass "warnIfMissed: false" to "tap()".
To make this warning fatal, set WidgetController.hitTestWarningShouldBeFatal to true.

ÔòÉÔòÉÔòí EXCEPTION CAUGHT BY FLUTTER TEST FRAMEWORK Ôò×ÔòÉÔòÉÔòÉÔòÉÔòÉÔòÉÔòÉÔòÉÔòÉÔòÉÔòÉÔòÉÔòÉÔòÉÔòÉÔòÉÔòÉÔòÉÔòÉÔòÉÔòÉÔòÉÔòÉÔòÉÔòÉÔòÉÔòÉÔòÉÔòÉÔòÉÔòÉÔòÉÔòÉÔòÉÔòÉÔòÉÔòÉÔòÉÔòÉÔòÉÔòÉÔòÉÔòÉÔòÉÔòÉÔòÉÔòÉÔòÉÔòÉÔòÉÔòÉÔòÉ
The following TestFailure was thrown running a test:
Expected: no matching candidates
  Actual: _TextWidgetFinder:<Found 1 widget with text "Academic Lecture": [
            Text("Academic Lecture", inherit: true, color: Color(alpha: 1.0000, red: 0.1020, green:
0.1216, blue: 0.2118, colorSpace: ColorSpace.sRGB), size: 18.0, weight: 700, overflow: ellipsis,
maxLines: 1, dependencies: [DefaultSelectionStyle, DefaultTextStyle, MediaQuery]),
          ]>
   Which: means one was found but none were expected

When the exception was thrown, this was the stack:
#4      main.<anonymous closure>.<anonymous closure> (file:///C:/Users/pieri/OneDrive/Desktop/2ndsemester/Setap/unisphere-app/test/screens/discover_event_screen_test.dart:157:7)
<asynchronous suspension>
#5      testWidgets.<anonymous closure>.<anonymous closure> (package:flutter_test/src/widget_tester.dart:192:15)
<asynchronous suspension>
#6      TestWidgetsFlutterBinding._runTestBody (package:flutter_test/src/binding.dart:1059:5)
<asynchronous suspension>
<asynchronous suspension>
(elided one frame from package:stack_trace)

This was caught by the test expectation on the following line:
  file:///C:/Users/pieri/OneDrive/Desktop/2ndsemester/Setap/unisphere-app/test/screens/discover_event_screen_test.dart line 157
The test description was:
  category chips work and filter correctly
ÔòÉÔòÉÔòÉÔòÉÔòÉÔòÉÔòÉÔòÉÔòÉÔòÉÔòÉÔòÉÔòÉÔòÉÔòÉÔòÉÔòÉÔòÉÔòÉÔòÉÔòÉÔòÉÔòÉÔòÉÔòÉÔòÉÔòÉÔòÉÔòÉÔòÉÔòÉÔòÉÔòÉÔòÉÔòÉÔòÉÔòÉÔòÉÔòÉÔòÉÔòÉÔòÉÔòÉÔòÉÔòÉÔòÉÔòÉÔòÉÔòÉÔòÉÔòÉÔòÉÔòÉÔòÉÔòÉÔòÉÔòÉÔòÉÔòÉÔòÉÔòÉÔòÉÔòÉÔòÉÔòÉÔòÉÔòÉÔòÉÔòÉÔòÉÔòÉÔòÉÔòÉÔòÉÔòÉÔòÉÔòÉÔòÉÔòÉÔòÉÔòÉÔòÉÔòÉÔòÉÔòÉÔòÉÔòÉÔòÉÔòÉÔòÉÔòÉÔòÉÔòÉÔòÉÔòÉÔòÉÔòÉÔòÉÔòÉÔòÉ
ÔòÉÔòÉÔòí EXCEPTION CAUGHT BY FLUTTER TEST FRAMEWORK Ôò×ÔòÉÔòÉÔòÉÔòÉÔòÉÔòÉÔòÉÔòÉÔòÉÔòÉÔòÉÔòÉÔòÉÔòÉÔòÉÔòÉÔòÉÔòÉÔòÉÔòÉÔòÉÔòÉÔòÉÔòÉÔòÉÔòÉÔòÉÔòÉÔòÉÔòÉÔòÉÔòÉÔòÉÔòÉÔòÉÔòÉÔòÉÔòÉÔòÉÔòÉÔòÉÔòÉÔòÉÔòÉÔòÉÔòÉÔòÉÔòÉÔòÉÔòÉÔòÉÔòÉ
The following message was thrown:
Multiple exceptions (3) were detected during the running of the current test, and at least one was
unexpected.
ÔòÉÔòÉÔòÉÔòÉÔòÉÔòÉÔòÉÔòÉÔòÉÔòÉÔòÉÔòÉÔòÉÔòÉÔòÉÔòÉÔòÉÔòÉÔòÉÔòÉÔòÉÔòÉÔòÉÔòÉÔòÉÔòÉÔòÉÔòÉÔòÉÔòÉÔòÉÔòÉÔòÉÔòÉÔòÉÔòÉÔòÉÔòÉÔòÉÔòÉÔòÉÔòÉÔòÉÔòÉÔòÉÔòÉÔòÉÔòÉÔòÉÔòÉÔòÉÔòÉÔòÉÔòÉÔòÉÔòÉÔòÉÔòÉÔòÉÔòÉÔòÉÔòÉÔòÉÔòÉÔòÉÔòÉÔòÉÔòÉÔòÉÔòÉÔòÉÔòÉÔòÉÔòÉÔòÉÔòÉÔòÉÔòÉÔòÉÔòÉÔòÉÔòÉÔòÉÔòÉÔòÉÔòÉÔòÉÔòÉÔòÉÔòÉÔòÉÔòÉÔòÉÔòÉÔòÉÔòÉÔòÉÔòÉÔòÉÔòÉ
00:03 +0 -5: DiscoverEventScreen category chips work and filter correctly [E]
  Test failed. See exception logs above.
  The test description was: category chips work and filter correctly
  
00:03 +0 -5: DiscoverEventScreen pagination controls work correctly
ÔòÉÔòÉÔòí EXCEPTION CAUGHT BY RENDERING LIBRARY Ôò×ÔòÉÔòÉÔòÉÔòÉÔòÉÔòÉÔòÉÔòÉÔòÉÔòÉÔòÉÔòÉÔòÉÔòÉÔòÉÔòÉÔòÉÔòÉÔòÉÔòÉÔòÉÔòÉÔòÉÔòÉÔòÉÔòÉÔòÉÔòÉÔòÉÔòÉÔòÉÔòÉÔòÉÔòÉÔòÉÔòÉÔòÉÔòÉÔòÉÔòÉÔòÉÔòÉÔòÉÔòÉÔòÉÔòÉÔòÉÔòÉÔòÉÔòÉÔòÉÔòÉÔòÉÔòÉÔòÉÔòÉÔòÉ
The following assertion was thrown during layout:
A RenderFlex overflowed by 25 pixels on the right.

The relevant error-causing widget was:
  Row
  Row:file:///C:/Users/pieri/OneDrive/Desktop/2ndsemester/Setap/unisphere-app/lib/widgets/app_footer.dart:145:26

The overflowing RenderFlex has an orientation of Axis.horizontal.
The edge of the RenderFlex that is overflowing has been marked in the rendering with a yellow and
black striped pattern. This is usually caused by the contents being too big for the RenderFlex.
Consider applying a flex factor (e.g. using an Expanded widget) to force the children of the
RenderFlex to fit within the available space instead of being sized to their natural size.
This is considered an error condition because it indicates that there is content that cannot be
seen. If the content is legitimately bigger than the available space, consider clipping it with a
ClipRect widget before putting it in the flex, or using a scrollable container rather than a Flex,
like a ListView.
The specific RenderFlex in question is: RenderFlex#ce77e relayoutBoundary=up20 OVERFLOWING:
  creator: Row ÔåÉ LayoutBuilder ÔåÉ Column ÔåÉ ConstrainedBox ÔåÉ Center ÔåÉ Padding ÔåÉ ColoredBox ÔåÉ
    ConstrainedBox ÔåÉ Container ÔåÉ AppFooter ÔåÉ Column ÔåÉ ConstrainedBox ÔåÉ Ôï»
  parentData: offset=Offset(0.0, 0.0) (can use size)
  constraints: BoxConstraints(0.0<=w<=752.0, 0.0<=h<=Infinity)
  size: Size(752.0, 19.0)
  direction: horizontal
  mainAxisAlignment: spaceBetween
  mainAxisSize: max
  crossAxisAlignment: center
  textDirection: ltr
  verticalDirection: down
  spacing: 0.0
ÔùóÔùñÔùóÔùñÔùóÔùñÔùóÔùñÔùóÔùñÔùóÔùñÔùóÔùñÔùóÔùñÔùóÔùñÔùóÔùñÔùóÔùñÔùóÔùñÔùóÔùñÔùóÔùñÔùóÔùñÔùóÔùñÔùóÔùñÔùóÔùñÔùóÔùñÔùóÔùñÔùóÔùñÔùóÔùñÔùóÔùñÔùóÔùñÔùóÔùñÔùóÔùñÔùóÔùñÔùóÔùñÔùóÔùñÔùóÔùñÔùóÔùñÔùóÔùñÔùóÔùñÔùóÔùñÔùóÔùñÔùóÔùñÔùóÔùñÔùóÔùñÔùóÔùñÔùóÔùñÔùóÔùñÔùóÔùñÔùóÔùñÔùóÔùñÔùóÔùñÔùóÔùñÔùóÔùñÔùóÔùñÔùóÔùñÔùóÔùñ
ÔòÉÔòÉÔòÉÔòÉÔòÉÔòÉÔòÉÔòÉÔòÉÔòÉÔòÉÔòÉÔòÉÔòÉÔòÉÔòÉÔòÉÔòÉÔòÉÔòÉÔòÉÔòÉÔòÉÔòÉÔòÉÔòÉÔòÉÔòÉÔòÉÔòÉÔòÉÔòÉÔòÉÔòÉÔòÉÔòÉÔòÉÔòÉÔòÉÔòÉÔòÉÔòÉÔòÉÔòÉÔòÉÔòÉÔòÉÔòÉÔòÉÔòÉÔòÉÔòÉÔòÉÔòÉÔòÉÔòÉÔòÉÔòÉÔòÉÔòÉÔòÉÔòÉÔòÉÔòÉÔòÉÔòÉÔòÉÔòÉÔòÉÔòÉÔòÉÔòÉÔòÉÔòÉÔòÉÔòÉÔòÉÔòÉÔòÉÔòÉÔòÉÔòÉÔòÉÔòÉÔòÉÔòÉÔòÉÔòÉÔòÉÔòÉÔòÉÔòÉÔòÉÔòÉÔòÉÔòÉÔòÉÔòÉÔòÉÔòÉ
ÔòÉÔòÉÔòí EXCEPTION CAUGHT BY FLUTTER TEST FRAMEWORK Ôò×ÔòÉÔòÉÔòÉÔòÉÔòÉÔòÉÔòÉÔòÉÔòÉÔòÉÔòÉÔòÉÔòÉÔòÉÔòÉÔòÉÔòÉÔòÉÔòÉÔòÉÔòÉÔòÉÔòÉÔòÉÔòÉÔòÉÔòÉÔòÉÔòÉÔòÉÔòÉÔòÉÔòÉÔòÉÔòÉÔòÉÔòÉÔòÉÔòÉÔòÉÔòÉÔòÉÔòÉÔòÉÔòÉÔòÉÔòÉÔòÉÔòÉÔòÉÔòÉÔòÉ
The following assertion was thrown running a test:
The finder "Found 0 widgets with icon "IconData(U+0E15F)": []" (used in a call to "tap()") could not
find any matching widgets.

When the exception was thrown, this was the stack:
#0      WidgetController._getElementPoint (package:flutter_test/src/controller.dart:2013:7)
#1      WidgetController.getCenter (package:flutter_test/src/controller.dart:1865:12)
#2      WidgetController.tap (package:flutter_test/src/controller.dart:1045:7)
#3      main.<anonymous closure>.<anonymous closure> (file:///C:/Users/pieri/OneDrive/Desktop/2ndsemester/Setap/unisphere-app/test/screens/discover_event_screen_test.dart:194:20)
<asynchronous suspension>
#4      testWidgets.<anonymous closure>.<anonymous closure> (package:flutter_test/src/widget_tester.dart:192:15)
<asynchronous suspension>
#5      TestWidgetsFlutterBinding._runTestBody (package:flutter_test/src/binding.dart:1059:5)
<asynchronous suspension>
<asynchronous suspension>
(elided one frame from package:stack_trace)

The test description was:
  pagination controls work correctly
ÔòÉÔòÉÔòÉÔòÉÔòÉÔòÉÔòÉÔòÉÔòÉÔòÉÔòÉÔòÉÔòÉÔòÉÔòÉÔòÉÔòÉÔòÉÔòÉÔòÉÔòÉÔòÉÔòÉÔòÉÔòÉÔòÉÔòÉÔòÉÔòÉÔòÉÔòÉÔòÉÔòÉÔòÉÔòÉÔòÉÔòÉÔòÉÔòÉÔòÉÔòÉÔòÉÔòÉÔòÉÔòÉÔòÉÔòÉÔòÉÔòÉÔòÉÔòÉÔòÉÔòÉÔòÉÔòÉÔòÉÔòÉÔòÉÔòÉÔòÉÔòÉÔòÉÔòÉÔòÉÔòÉÔòÉÔòÉÔòÉÔòÉÔòÉÔòÉÔòÉÔòÉÔòÉÔòÉÔòÉÔòÉÔòÉÔòÉÔòÉÔòÉÔòÉÔòÉÔòÉÔòÉÔòÉÔòÉÔòÉÔòÉÔòÉÔòÉÔòÉÔòÉÔòÉÔòÉÔòÉÔòÉÔòÉÔòÉÔòÉ
ÔòÉÔòÉÔòí EXCEPTION CAUGHT BY FLUTTER TEST FRAMEWORK Ôò×ÔòÉÔòÉÔòÉÔòÉÔòÉÔòÉÔòÉÔòÉÔòÉÔòÉÔòÉÔòÉÔòÉÔòÉÔòÉÔòÉÔòÉÔòÉÔòÉÔòÉÔòÉÔòÉÔòÉÔòÉÔòÉÔòÉÔòÉÔòÉÔòÉÔòÉÔòÉÔòÉÔòÉÔòÉÔòÉÔòÉÔòÉÔòÉÔòÉÔòÉÔòÉÔòÉÔòÉÔòÉÔòÉÔòÉÔòÉÔòÉÔòÉÔòÉÔòÉÔòÉ
The following message was thrown:
Multiple exceptions (2) were detected during the running of the current test, and at least one was
unexpected.
ÔòÉÔòÉÔòÉÔòÉÔòÉÔòÉÔòÉÔòÉÔòÉÔòÉÔòÉÔòÉÔòÉÔòÉÔòÉÔòÉÔòÉÔòÉÔòÉÔòÉÔòÉÔòÉÔòÉÔòÉÔòÉÔòÉÔòÉÔòÉÔòÉÔòÉÔòÉÔòÉÔòÉÔòÉÔòÉÔòÉÔòÉÔòÉÔòÉÔòÉÔòÉÔòÉÔòÉÔòÉÔòÉÔòÉÔòÉÔòÉÔòÉÔòÉÔòÉÔòÉÔòÉÔòÉÔòÉÔòÉÔòÉÔòÉÔòÉÔòÉÔòÉÔòÉÔòÉÔòÉÔòÉÔòÉÔòÉÔòÉÔòÉÔòÉÔòÉÔòÉÔòÉÔòÉÔòÉÔòÉÔòÉÔòÉÔòÉÔòÉÔòÉÔòÉÔòÉÔòÉÔòÉÔòÉÔòÉÔòÉÔòÉÔòÉÔòÉÔòÉÔòÉÔòÉÔòÉÔòÉÔòÉÔòÉÔòÉÔòÉ
00:04 +0 -6: DiscoverEventScreen pagination controls work correctly [E]
  Test failed. See exception logs above.
  The test description was: pagination controls work correctly
  
00:04 +0 -6: DiscoverEventScreen event card renders with banner image data and default icon error
ÔòÉÔòÉÔòí EXCEPTION CAUGHT BY RENDERING LIBRARY Ôò×ÔòÉÔòÉÔòÉÔòÉÔòÉÔòÉÔòÉÔòÉÔòÉÔòÉÔòÉÔòÉÔòÉÔòÉÔòÉÔòÉÔòÉÔòÉÔòÉÔòÉÔòÉÔòÉÔòÉÔòÉÔòÉÔòÉÔòÉÔòÉÔòÉÔòÉÔòÉÔòÉÔòÉÔòÉÔòÉÔòÉÔòÉÔòÉÔòÉÔòÉÔòÉÔòÉÔòÉÔòÉÔòÉÔòÉÔòÉÔòÉÔòÉÔòÉÔòÉÔòÉÔòÉÔòÉÔòÉÔòÉÔòÉ
The following assertion was thrown during layout:
A RenderFlex overflowed by 614 pixels on the right.

The relevant error-causing widget was:
  Row
  Row:file:///C:/Users/pieri/OneDrive/Desktop/2ndsemester/Setap/unisphere-app/lib/widgets/header.dart:183:17

The overflowing RenderFlex has an orientation of Axis.horizontal.
The edge of the RenderFlex that is overflowing has been marked in the rendering with a yellow and
black striped pattern. This is usually caused by the contents being too big for the RenderFlex.
Consider applying a flex factor (e.g. using an Expanded widget) to force the children of the
RenderFlex to fit within the available space instead of being sized to their natural size.
This is considered an error condition because it indicates that there is content that cannot be
seen. If the content is legitimately bigger than the available space, consider clipping it with a
ClipRect widget before putting it in the flex, or using a scrollable container rather than a Flex,
like a ListView.
The specific RenderFlex in question is: RenderFlex#cc010 relayoutBoundary=up19 OVERFLOWING:
  creator: Row ÔåÉ ConstrainedBox ÔåÉ Center ÔåÉ Padding ÔåÉ ColoredBox ÔåÉ ConstrainedBox ÔåÉ Container ÔåÉ
    AppHeader ÔåÉ Column ÔåÉ Column ÔåÉ ConstrainedBox ÔåÉ _SingleChildViewport ÔåÉ Ôï»
  parentData: <none> (can use size)
  constraints: BoxConstraints(0.0<=w<=752.0, 0.0<=h<=Infinity)
  size: Size(752.0, 52.0)
  direction: horizontal
  mainAxisAlignment: spaceBetween
  mainAxisSize: max
  crossAxisAlignment: center
  textDirection: ltr
  verticalDirection: down
  spacing: 0.0
ÔùóÔùñÔùóÔùñÔùóÔùñÔùóÔùñÔùóÔùñÔùóÔùñÔùóÔùñÔùóÔùñÔùóÔùñÔùóÔùñÔùóÔùñÔùóÔùñÔùóÔùñÔùóÔùñÔùóÔùñÔùóÔùñÔùóÔùñÔùóÔùñÔùóÔùñÔùóÔùñÔùóÔùñÔùóÔùñÔùóÔùñÔùóÔùñÔùóÔùñÔùóÔùñÔùóÔùñÔùóÔùñÔùóÔùñÔùóÔùñÔùóÔùñÔùóÔùñÔùóÔùñÔùóÔùñÔùóÔùñÔùóÔùñÔùóÔùñÔùóÔùñÔùóÔùñÔùóÔùñÔùóÔùñÔùóÔùñÔùóÔùñÔùóÔùñÔùóÔùñÔùóÔùñÔùóÔùñÔùóÔùñÔùóÔùñÔùóÔùñ
ÔòÉÔòÉÔòÉÔòÉÔòÉÔòÉÔòÉÔòÉÔòÉÔòÉÔòÉÔòÉÔòÉÔòÉÔòÉÔòÉÔòÉÔòÉÔòÉÔòÉÔòÉÔòÉÔòÉÔòÉÔòÉÔòÉÔòÉÔòÉÔòÉÔòÉÔòÉÔòÉÔòÉÔòÉÔòÉÔòÉÔòÉÔòÉÔòÉÔòÉÔòÉÔòÉÔòÉÔòÉÔòÉÔòÉÔòÉÔòÉÔòÉÔòÉÔòÉÔòÉÔòÉÔòÉÔòÉÔòÉÔòÉÔòÉÔòÉÔòÉÔòÉÔòÉÔòÉÔòÉÔòÉÔòÉÔòÉÔòÉÔòÉÔòÉÔòÉÔòÉÔòÉÔòÉÔòÉÔòÉÔòÉÔòÉÔòÉÔòÉÔòÉÔòÉÔòÉÔòÉÔòÉÔòÉÔòÉÔòÉÔòÉÔòÉÔòÉÔòÉÔòÉÔòÉÔòÉÔòÉÔòÉÔòÉÔòÉÔòÉ
ÔòÉÔòÉÔòí EXCEPTION CAUGHT BY RENDERING LIBRARY Ôò×ÔòÉÔòÉÔòÉÔòÉÔòÉÔòÉÔòÉÔòÉÔòÉÔòÉÔòÉÔòÉÔòÉÔòÉÔòÉÔòÉÔòÉÔòÉÔòÉÔòÉÔòÉÔòÉÔòÉÔòÉÔòÉÔòÉÔòÉÔòÉÔòÉÔòÉÔòÉÔòÉÔòÉÔòÉÔòÉÔòÉÔòÉÔòÉÔòÉÔòÉÔòÉÔòÉÔòÉÔòÉÔòÉÔòÉÔòÉÔòÉÔòÉÔòÉÔòÉÔòÉÔòÉÔòÉÔòÉÔòÉÔòÉ
The following assertion was thrown during layout:
A RenderFlex overflowed by 25 pixels on the right.

The relevant error-causing widget was:
  Row
  Row:file:///C:/Users/pieri/OneDrive/Desktop/2ndsemester/Setap/unisphere-app/lib/widgets/app_footer.dart:145:26

The overflowing RenderFlex has an orientation of Axis.horizontal.
The edge of the RenderFlex that is overflowing has been marked in the rendering with a yellow and
black striped pattern. This is usually caused by the contents being too big for the RenderFlex.
Consider applying a flex factor (e.g. using an Expanded widget) to force the children of the
RenderFlex to fit within the available space instead of being sized to their natural size.
This is considered an error condition because it indicates that there is content that cannot be
seen. If the content is legitimately bigger than the available space, consider clipping it with a
ClipRect widget before putting it in the flex, or using a scrollable container rather than a Flex,
like a ListView.
The specific RenderFlex in question is: RenderFlex#e0b4a relayoutBoundary=up20 OVERFLOWING:
  creator: Row ÔåÉ LayoutBuilder ÔåÉ Column ÔåÉ ConstrainedBox ÔåÉ Center ÔåÉ Padding ÔåÉ ColoredBox ÔåÉ
    ConstrainedBox ÔåÉ Container ÔåÉ AppFooter ÔåÉ Column ÔåÉ ConstrainedBox ÔåÉ Ôï»
  parentData: offset=Offset(0.0, 0.0) (can use size)
  constraints: BoxConstraints(0.0<=w<=752.0, 0.0<=h<=Infinity)
  size: Size(752.0, 19.0)
  direction: horizontal
  mainAxisAlignment: spaceBetween
  mainAxisSize: max
  crossAxisAlignment: center
  textDirection: ltr
  verticalDirection: down
  spacing: 0.0
ÔùóÔùñÔùóÔùñÔùóÔùñÔùóÔùñÔùóÔùñÔùóÔùñÔùóÔùñÔùóÔùñÔùóÔùñÔùóÔùñÔùóÔùñÔùóÔùñÔùóÔùñÔùóÔùñÔùóÔùñÔùóÔùñÔùóÔùñÔùóÔùñÔùóÔùñÔùóÔùñÔùóÔùñÔùóÔùñÔùóÔùñÔùóÔùñÔùóÔùñÔùóÔùñÔùóÔùñÔùóÔùñÔùóÔùñÔùóÔùñÔùóÔùñÔùóÔùñÔùóÔùñÔùóÔùñÔùóÔùñÔùóÔùñÔùóÔùñÔùóÔùñÔùóÔùñÔùóÔùñÔùóÔùñÔùóÔùñÔùóÔùñÔùóÔùñÔùóÔùñÔùóÔùñÔùóÔùñÔùóÔùñÔùóÔùñÔùóÔùñ
ÔòÉÔòÉÔòÉÔòÉÔòÉÔòÉÔòÉÔòÉÔòÉÔòÉÔòÉÔòÉÔòÉÔòÉÔòÉÔòÉÔòÉÔòÉÔòÉÔòÉÔòÉÔòÉÔòÉÔòÉÔòÉÔòÉÔòÉÔòÉÔòÉÔòÉÔòÉÔòÉÔòÉÔòÉÔòÉÔòÉÔòÉÔòÉÔòÉÔòÉÔòÉÔòÉÔòÉÔòÉÔòÉÔòÉÔòÉÔòÉÔòÉÔòÉÔòÉÔòÉÔòÉÔòÉÔòÉÔòÉÔòÉÔòÉÔòÉÔòÉÔòÉÔòÉÔòÉÔòÉÔòÉÔòÉÔòÉÔòÉÔòÉÔòÉÔòÉÔòÉÔòÉÔòÉÔòÉÔòÉÔòÉÔòÉÔòÉÔòÉÔòÉÔòÉÔòÉÔòÉÔòÉÔòÉÔòÉÔòÉÔòÉÔòÉÔòÉÔòÉÔòÉÔòÉÔòÉÔòÉÔòÉÔòÉÔòÉÔòÉ
ÔòÉÔòÉÔòí EXCEPTION CAUGHT BY FLUTTER TEST FRAMEWORK Ôò×ÔòÉÔòÉÔòÉÔòÉÔòÉÔòÉÔòÉÔòÉÔòÉÔòÉÔòÉÔòÉÔòÉÔòÉÔòÉÔòÉÔòÉÔòÉÔòÉÔòÉÔòÉÔòÉÔòÉÔòÉÔòÉÔòÉÔòÉÔòÉÔòÉÔòÉÔòÉÔòÉÔòÉÔòÉÔòÉÔòÉÔòÉÔòÉÔòÉÔòÉÔòÉÔòÉÔòÉÔòÉÔòÉÔòÉÔòÉÔòÉÔòÉÔòÉÔòÉÔòÉ
The following TestFailure was thrown running a test:
Expected: exactly one matching candidate
  Actual: _TypeWidgetFinder:<Found 2 widgets with type "Image": [
            Image(image: AssetImage(bundle: null, name: "assets/image.png"), frameBuilder: null,
loadingBuilder: null, width: 64.0, height: 64.0, fit: cover, alignment: Alignment.center,
this.excludeFromSemantics: false, filterQuality: medium, dependencies: [Directionality, MediaQuery,
_EffectiveTickerMode, _LocalizationsScope-[GlobalKey#7ac5c]], state: _ImageState#1aeb4(stream:
ImageStream#368ce(MultiFrameImageStreamCompleter#0fa13, assets/image.png [586├ù481] @ 1.0x, 1
listener, 0 ephemeralErrorListeners), pixels: assets/image.png [586├ù481] @ 1.0x, loadingProgress:
null, frameNumber: 0, wasSynchronouslyLoaded: true)),
            Image(image: MemoryImage(Uint8List#2d3a6, scale: 1.0), frameBuilder: null,
loadingBuilder: null, fit: cover, alignment: Alignment.center, this.excludeFromSemantics: false,
filterQuality: medium, dependencies: [Directionality, MediaQuery, _EffectiveTickerMode,
_LocalizationsScope-[GlobalKey#7ac5c], _ViewScope], state: _ImageState#db266(stream:
ImageStream#8bcb8(MultiFrameImageStreamCompleter#9dc52, unresolved, 2 listeners, 0
ephemeralErrorListeners), pixels: null, loadingProgress: null, frameNumber: null,
wasSynchronouslyLoaded: false)),
          ]>
   Which: is too many

When the exception was thrown, this was the stack:
#4      main.<anonymous closure>.<anonymous closure> (file:///C:/Users/pieri/OneDrive/Desktop/2ndsemester/Setap/unisphere-app/test/screens/discover_event_screen_test.dart:233:7)
<asynchronous suspension>
#5      testWidgets.<anonymous closure>.<anonymous closure> (package:flutter_test/src/widget_tester.dart:192:15)
<asynchronous suspension>
#6      TestWidgetsFlutterBinding._runTestBody (package:flutter_test/src/binding.dart:1059:5)
<asynchronous suspension>
<asynchronous suspension>
(elided one frame from package:stack_trace)

This was caught by the test expectation on the following line:
  file:///C:/Users/pieri/OneDrive/Desktop/2ndsemester/Setap/unisphere-app/test/screens/discover_event_screen_test.dart line 233
The test description was:
  event card renders with banner image data and default icon error
ÔòÉÔòÉÔòÉÔòÉÔòÉÔòÉÔòÉÔòÉÔòÉÔòÉÔòÉÔòÉÔòÉÔòÉÔòÉÔòÉÔòÉÔòÉÔòÉÔòÉÔòÉÔòÉÔòÉÔòÉÔòÉÔòÉÔòÉÔòÉÔòÉÔòÉÔòÉÔòÉÔòÉÔòÉÔòÉÔòÉÔòÉÔòÉÔòÉÔòÉÔòÉÔòÉÔòÉÔòÉÔòÉÔòÉÔòÉÔòÉÔòÉÔòÉÔòÉÔòÉÔòÉÔòÉÔòÉÔòÉÔòÉÔòÉÔòÉÔòÉÔòÉÔòÉÔòÉÔòÉÔòÉÔòÉÔòÉÔòÉÔòÉÔòÉÔòÉÔòÉÔòÉÔòÉÔòÉÔòÉÔòÉÔòÉÔòÉÔòÉÔòÉÔòÉÔòÉÔòÉÔòÉÔòÉÔòÉÔòÉÔòÉÔòÉÔòÉÔòÉÔòÉÔòÉÔòÉÔòÉÔòÉÔòÉÔòÉÔòÉ
ÔòÉÔòÉÔòí EXCEPTION CAUGHT BY FLUTTER TEST FRAMEWORK Ôò×ÔòÉÔòÉÔòÉÔòÉÔòÉÔòÉÔòÉÔòÉÔòÉÔòÉÔòÉÔòÉÔòÉÔòÉÔòÉÔòÉÔòÉÔòÉÔòÉÔòÉÔòÉÔòÉÔòÉÔòÉÔòÉÔòÉÔòÉÔòÉÔòÉÔòÉÔòÉÔòÉÔòÉÔòÉÔòÉÔòÉÔòÉÔòÉÔòÉÔòÉÔòÉÔòÉÔòÉÔòÉÔòÉÔòÉÔòÉÔòÉÔòÉÔòÉÔòÉÔòÉ
The following message was thrown:
Multiple exceptions (3) were detected during the running of the current test, and at least one was
unexpected.
ÔòÉÔòÉÔòÉÔòÉÔòÉÔòÉÔòÉÔòÉÔòÉÔòÉÔòÉÔòÉÔòÉÔòÉÔòÉÔòÉÔòÉÔòÉÔòÉÔòÉÔòÉÔòÉÔòÉÔòÉÔòÉÔòÉÔòÉÔòÉÔòÉÔòÉÔòÉÔòÉÔòÉÔòÉÔòÉÔòÉÔòÉÔòÉÔòÉÔòÉÔòÉÔòÉÔòÉÔòÉÔòÉÔòÉÔòÉÔòÉÔòÉÔòÉÔòÉÔòÉÔòÉÔòÉÔòÉÔòÉÔòÉÔòÉÔòÉÔòÉÔòÉÔòÉÔòÉÔòÉÔòÉÔòÉÔòÉÔòÉÔòÉÔòÉÔòÉÔòÉÔòÉÔòÉÔòÉÔòÉÔòÉÔòÉÔòÉÔòÉÔòÉÔòÉÔòÉÔòÉÔòÉÔòÉÔòÉÔòÉÔòÉÔòÉÔòÉÔòÉÔòÉÔòÉÔòÉÔòÉÔòÉÔòÉÔòÉÔòÉ
00:04 +0 -7: DiscoverEventScreen event card renders with banner image data and default icon error [E]
  Test failed. See exception logs above.
  The test description was: event card renders with banner image data and default icon error
  
00:04 +0 -7: DiscoverEventScreen app header callbacks push routes
ÔòÉÔòÉÔòí EXCEPTION CAUGHT BY RENDERING LIBRARY Ôò×ÔòÉÔòÉÔòÉÔòÉÔòÉÔòÉÔòÉÔòÉÔòÉÔòÉÔòÉÔòÉÔòÉÔòÉÔòÉÔòÉÔòÉÔòÉÔòÉÔòÉÔòÉÔòÉÔòÉÔòÉÔòÉÔòÉÔòÉÔòÉÔòÉÔòÉÔòÉÔòÉÔòÉÔòÉÔòÉÔòÉÔòÉÔòÉÔòÉÔòÉÔòÉÔòÉÔòÉÔòÉÔòÉÔòÉÔòÉÔòÉÔòÉÔòÉÔòÉÔòÉÔòÉÔòÉÔòÉÔòÉÔòÉ
The following assertion was thrown during layout:
A RenderFlex overflowed by 614 pixels on the right.

The relevant error-causing widget was:
  Row
  Row:file:///C:/Users/pieri/OneDrive/Desktop/2ndsemester/Setap/unisphere-app/lib/widgets/header.dart:183:17

The overflowing RenderFlex has an orientation of Axis.horizontal.
The edge of the RenderFlex that is overflowing has been marked in the rendering with a yellow and
black striped pattern. This is usually caused by the contents being too big for the RenderFlex.
Consider applying a flex factor (e.g. using an Expanded widget) to force the children of the
RenderFlex to fit within the available space instead of being sized to their natural size.
This is considered an error condition because it indicates that there is content that cannot be
seen. If the content is legitimately bigger than the available space, consider clipping it with a
ClipRect widget before putting it in the flex, or using a scrollable container rather than a Flex,
like a ListView.
The specific RenderFlex in question is: RenderFlex#b6792 relayoutBoundary=up19 OVERFLOWING:
  creator: Row ÔåÉ ConstrainedBox ÔåÉ Center ÔåÉ Padding ÔåÉ ColoredBox ÔåÉ ConstrainedBox ÔåÉ Container ÔåÉ
    AppHeader ÔåÉ Column ÔåÉ Column ÔåÉ ConstrainedBox ÔåÉ _SingleChildViewport ÔåÉ Ôï»
  parentData: <none> (can use size)
  constraints: BoxConstraints(0.0<=w<=752.0, 0.0<=h<=Infinity)
  size: Size(752.0, 52.0)
  direction: horizontal
  mainAxisAlignment: spaceBetween
  mainAxisSize: max
  crossAxisAlignment: center
  textDirection: ltr
  verticalDirection: down
  spacing: 0.0
ÔùóÔùñÔùóÔùñÔùóÔùñÔùóÔùñÔùóÔùñÔùóÔùñÔùóÔùñÔùóÔùñÔùóÔùñÔùóÔùñÔùóÔùñÔùóÔùñÔùóÔùñÔùóÔùñÔùóÔùñÔùóÔùñÔùóÔùñÔùóÔùñÔùóÔùñÔùóÔùñÔùóÔùñÔùóÔùñÔùóÔùñÔùóÔùñÔùóÔùñÔùóÔùñÔùóÔùñÔùóÔùñÔùóÔùñÔùóÔùñÔùóÔùñÔùóÔùñÔùóÔùñÔùóÔùñÔùóÔùñÔùóÔùñÔùóÔùñÔùóÔùñÔùóÔùñÔùóÔùñÔùóÔùñÔùóÔùñÔùóÔùñÔùóÔùñÔùóÔùñÔùóÔùñÔùóÔùñÔùóÔùñÔùóÔùñÔùóÔùñ
ÔòÉÔòÉÔòÉÔòÉÔòÉÔòÉÔòÉÔòÉÔòÉÔòÉÔòÉÔòÉÔòÉÔòÉÔòÉÔòÉÔòÉÔòÉÔòÉÔòÉÔòÉÔòÉÔòÉÔòÉÔòÉÔòÉÔòÉÔòÉÔòÉÔòÉÔòÉÔòÉÔòÉÔòÉÔòÉÔòÉÔòÉÔòÉÔòÉÔòÉÔòÉÔòÉÔòÉÔòÉÔòÉÔòÉÔòÉÔòÉÔòÉÔòÉÔòÉÔòÉÔòÉÔòÉÔòÉÔòÉÔòÉÔòÉÔòÉÔòÉÔòÉÔòÉÔòÉÔòÉÔòÉÔòÉÔòÉÔòÉÔòÉÔòÉÔòÉÔòÉÔòÉÔòÉÔòÉÔòÉÔòÉÔòÉÔòÉÔòÉÔòÉÔòÉÔòÉÔòÉÔòÉÔòÉÔòÉÔòÉÔòÉÔòÉÔòÉÔòÉÔòÉÔòÉÔòÉÔòÉÔòÉÔòÉÔòÉÔòÉ
ÔòÉÔòÉÔòí EXCEPTION CAUGHT BY RENDERING LIBRARY Ôò×ÔòÉÔòÉÔòÉÔòÉÔòÉÔòÉÔòÉÔòÉÔòÉÔòÉÔòÉÔòÉÔòÉÔòÉÔòÉÔòÉÔòÉÔòÉÔòÉÔòÉÔòÉÔòÉÔòÉÔòÉÔòÉÔòÉÔòÉÔòÉÔòÉÔòÉÔòÉÔòÉÔòÉÔòÉÔòÉÔòÉÔòÉÔòÉÔòÉÔòÉÔòÉÔòÉÔòÉÔòÉÔòÉÔòÉÔòÉÔòÉÔòÉÔòÉÔòÉÔòÉÔòÉÔòÉÔòÉÔòÉÔòÉ
The following assertion was thrown during layout:
A RenderFlex overflowed by 25 pixels on the right.

The relevant error-causing widget was:
  Row
  Row:file:///C:/Users/pieri/OneDrive/Desktop/2ndsemester/Setap/unisphere-app/lib/widgets/app_footer.dart:145:26

The overflowing RenderFlex has an orientation of Axis.horizontal.
The edge of the RenderFlex that is overflowing has been marked in the rendering with a yellow and
black striped pattern. This is usually caused by the contents being too big for the RenderFlex.
Consider applying a flex factor (e.g. using an Expanded widget) to force the children of the
RenderFlex to fit within the available space instead of being sized to their natural size.
This is considered an error condition because it indicates that there is content that cannot be
seen. If the content is legitimately bigger than the available space, consider clipping it with a
ClipRect widget before putting it in the flex, or using a scrollable container rather than a Flex,
like a ListView.
The specific RenderFlex in question is: RenderFlex#6fa24 relayoutBoundary=up20 OVERFLOWING:
  creator: Row ÔåÉ LayoutBuilder ÔåÉ Column ÔåÉ ConstrainedBox ÔåÉ Center ÔåÉ Padding ÔåÉ ColoredBox ÔåÉ
    ConstrainedBox ÔåÉ Container ÔåÉ AppFooter ÔåÉ Column ÔåÉ ConstrainedBox ÔåÉ Ôï»
  parentData: offset=Offset(0.0, 0.0) (can use size)
  constraints: BoxConstraints(0.0<=w<=752.0, 0.0<=h<=Infinity)
  size: Size(752.0, 19.0)
  direction: horizontal
  mainAxisAlignment: spaceBetween
  mainAxisSize: max
  crossAxisAlignment: center
  textDirection: ltr
  verticalDirection: down
  spacing: 0.0
ÔùóÔùñÔùóÔùñÔùóÔùñÔùóÔùñÔùóÔùñÔùóÔùñÔùóÔùñÔùóÔùñÔùóÔùñÔùóÔùñÔùóÔùñÔùóÔùñÔùóÔùñÔùóÔùñÔùóÔùñÔùóÔùñÔùóÔùñÔùóÔùñÔùóÔùñÔùóÔùñÔùóÔùñÔùóÔùñÔùóÔùñÔùóÔùñÔùóÔùñÔùóÔùñÔùóÔùñÔùóÔùñÔùóÔùñÔùóÔùñÔùóÔùñÔùóÔùñÔùóÔùñÔùóÔùñÔùóÔùñÔùóÔùñÔùóÔùñÔùóÔùñÔùóÔùñÔùóÔùñÔùóÔùñÔùóÔùñÔùóÔùñÔùóÔùñÔùóÔùñÔùóÔùñÔùóÔùñÔùóÔùñÔùóÔùñÔùóÔùñ
ÔòÉÔòÉÔòÉÔòÉÔòÉÔòÉÔòÉÔòÉÔòÉÔòÉÔòÉÔòÉÔòÉÔòÉÔòÉÔòÉÔòÉÔòÉÔòÉÔòÉÔòÉÔòÉÔòÉÔòÉÔòÉÔòÉÔòÉÔòÉÔòÉÔòÉÔòÉÔòÉÔòÉÔòÉÔòÉÔòÉÔòÉÔòÉÔòÉÔòÉÔòÉÔòÉÔòÉÔòÉÔòÉÔòÉÔòÉÔòÉÔòÉÔòÉÔòÉÔòÉÔòÉÔòÉÔòÉÔòÉÔòÉÔòÉÔòÉÔòÉÔòÉÔòÉÔòÉÔòÉÔòÉÔòÉÔòÉÔòÉÔòÉÔòÉÔòÉÔòÉÔòÉÔòÉÔòÉÔòÉÔòÉÔòÉÔòÉÔòÉÔòÉÔòÉÔòÉÔòÉÔòÉÔòÉÔòÉÔòÉÔòÉÔòÉÔòÉÔòÉÔòÉÔòÉÔòÉÔòÉÔòÉÔòÉÔòÉÔòÉ
ÔòÉÔòÉÔòí EXCEPTION CAUGHT BY FLUTTER TEST FRAMEWORK Ôò×ÔòÉÔòÉÔòÉÔòÉÔòÉÔòÉÔòÉÔòÉÔòÉÔòÉÔòÉÔòÉÔòÉÔòÉÔòÉÔòÉÔòÉÔòÉÔòÉÔòÉÔòÉÔòÉÔòÉÔòÉÔòÉÔòÉÔòÉÔòÉÔòÉÔòÉÔòÉÔòÉÔòÉÔòÉÔòÉÔòÉÔòÉÔòÉÔòÉÔòÉÔòÉÔòÉÔòÉÔòÉÔòÉÔòÉÔòÉÔòÉÔòÉÔòÉÔòÉÔòÉ
The following TestFailure was thrown running a test:
Expected: exactly one matching candidate
  Actual: _TypeWidgetFinder:<Found 0 widgets with type "CupertinoNavigationBarBackButton": []>
   Which: means none were found but one was expected
One back button expected on screen

When the exception was thrown, this was the stack:
#0      fail (package:matcher/src/expect/expect.dart:149:31)
#1      _expect (package:matcher/src/expect/expect.dart:144:3)
#2      expect (package:matcher/src/expect/expect.dart:56:3)
#3      expectSync (package:flutter_test/src/widget_tester.dart:486:18)
#4      WidgetTester.pageBack.<anonymous closure> (package:flutter_test/src/widget_tester.dart:1177:7)
#7      TestAsyncUtils.guard (package:flutter_test/src/test_async_utils.dart:74:41)
#8      WidgetTester.pageBack (package:flutter_test/src/widget_tester.dart:1171:27)
#9      main.<anonymous closure>.<anonymous closure> (file:///C:/Users/pieri/OneDrive/Desktop/2ndsemester/Setap/unisphere-app/test/screens/discover_event_screen_test.dart:252:20)
<asynchronous suspension>
#10     testWidgets.<anonymous closure>.<anonymous closure> (package:flutter_test/src/widget_tester.dart:192:15)
<asynchronous suspension>
#11     TestWidgetsFlutterBinding._runTestBody (package:flutter_test/src/binding.dart:1059:5)
<asynchronous suspension>
<asynchronous suspension>
(elided 3 frames from dart:async and package:stack_trace)

The test description was:
  app header callbacks push routes
ÔòÉÔòÉÔòÉÔòÉÔòÉÔòÉÔòÉÔòÉÔòÉÔòÉÔòÉÔòÉÔòÉÔòÉÔòÉÔòÉÔòÉÔòÉÔòÉÔòÉÔòÉÔòÉÔòÉÔòÉÔòÉÔòÉÔòÉÔòÉÔòÉÔòÉÔòÉÔòÉÔòÉÔòÉÔòÉÔòÉÔòÉÔòÉÔòÉÔòÉÔòÉÔòÉÔòÉÔòÉÔòÉÔòÉÔòÉÔòÉÔòÉÔòÉÔòÉÔòÉÔòÉÔòÉÔòÉÔòÉÔòÉÔòÉÔòÉÔòÉÔòÉÔòÉÔòÉÔòÉÔòÉÔòÉÔòÉÔòÉÔòÉÔòÉÔòÉÔòÉÔòÉÔòÉÔòÉÔòÉÔòÉÔòÉÔòÉÔòÉÔòÉÔòÉÔòÉÔòÉÔòÉÔòÉÔòÉÔòÉÔòÉÔòÉÔòÉÔòÉÔòÉÔòÉÔòÉÔòÉÔòÉÔòÉÔòÉÔòÉ
ÔòÉÔòÉÔòí EXCEPTION CAUGHT BY FLUTTER TEST FRAMEWORK Ôò×ÔòÉÔòÉÔòÉÔòÉÔòÉÔòÉÔòÉÔòÉÔòÉÔòÉÔòÉÔòÉÔòÉÔòÉÔòÉÔòÉÔòÉÔòÉÔòÉÔòÉÔòÉÔòÉÔòÉÔòÉÔòÉÔòÉÔòÉÔòÉÔòÉÔòÉÔòÉÔòÉÔòÉÔòÉÔòÉÔòÉÔòÉÔòÉÔòÉÔòÉÔòÉÔòÉÔòÉÔòÉÔòÉÔòÉÔòÉÔòÉÔòÉÔòÉÔòÉÔòÉ
The following message was thrown:
Multiple exceptions (3) were detected during the running of the current test, and at least one was
unexpected.
ÔòÉÔòÉÔòÉÔòÉÔòÉÔòÉÔòÉÔòÉÔòÉÔòÉÔòÉÔòÉÔòÉÔòÉÔòÉÔòÉÔòÉÔòÉÔòÉÔòÉÔòÉÔòÉÔòÉÔòÉÔòÉÔòÉÔòÉÔòÉÔòÉÔòÉÔòÉÔòÉÔòÉÔòÉÔòÉÔòÉÔòÉÔòÉÔòÉÔòÉÔòÉÔòÉÔòÉÔòÉÔòÉÔòÉÔòÉÔòÉÔòÉÔòÉÔòÉÔòÉÔòÉÔòÉÔòÉÔòÉÔòÉÔòÉÔòÉÔòÉÔòÉÔòÉÔòÉÔòÉÔòÉÔòÉÔòÉÔòÉÔòÉÔòÉÔòÉÔòÉÔòÉÔòÉÔòÉÔòÉÔòÉÔòÉÔòÉÔòÉÔòÉÔòÉÔòÉÔòÉÔòÉÔòÉÔòÉÔòÉÔòÉÔòÉÔòÉÔòÉÔòÉÔòÉÔòÉÔòÉÔòÉÔòÉÔòÉÔòÉ
00:05 +0 -8: DiscoverEventScreen app header callbacks push routes [E]
  Test failed. See exception logs above.
  The test description was: app header callbacks push routes
  
00:05 +0 -8: DiscoverEventScreen breadcrumbs navigate back
ÔòÉÔòÉÔòí EXCEPTION CAUGHT BY RENDERING LIBRARY Ôò×ÔòÉÔòÉÔòÉÔòÉÔòÉÔòÉÔòÉÔòÉÔòÉÔòÉÔòÉÔòÉÔòÉÔòÉÔòÉÔòÉÔòÉÔòÉÔòÉÔòÉÔòÉÔòÉÔòÉÔòÉÔòÉÔòÉÔòÉÔòÉÔòÉÔòÉÔòÉÔòÉÔòÉÔòÉÔòÉÔòÉÔòÉÔòÉÔòÉÔòÉÔòÉÔòÉÔòÉÔòÉÔòÉÔòÉÔòÉÔòÉÔòÉÔòÉÔòÉÔòÉÔòÉÔòÉÔòÉÔòÉÔòÉ
The following assertion was thrown during layout:
A RenderFlex overflowed by 614 pixels on the right.

The relevant error-causing widget was:
  Row
  Row:file:///C:/Users/pieri/OneDrive/Desktop/2ndsemester/Setap/unisphere-app/lib/widgets/header.dart:183:17

The overflowing RenderFlex has an orientation of Axis.horizontal.
The edge of the RenderFlex that is overflowing has been marked in the rendering with a yellow and
black striped pattern. This is usually caused by the contents being too big for the RenderFlex.
Consider applying a flex factor (e.g. using an Expanded widget) to force the children of the
RenderFlex to fit within the available space instead of being sized to their natural size.
This is considered an error condition because it indicates that there is content that cannot be
seen. If the content is legitimately bigger than the available space, consider clipping it with a
ClipRect widget before putting it in the flex, or using a scrollable container rather than a Flex,
like a ListView.
The specific RenderFlex in question is: RenderFlex#b6200 relayoutBoundary=up19 OVERFLOWING:
  creator: Row ÔåÉ ConstrainedBox ÔåÉ Center ÔåÉ Padding ÔåÉ ColoredBox ÔåÉ ConstrainedBox ÔåÉ Container ÔåÉ
    AppHeader ÔåÉ Column ÔåÉ Column ÔåÉ ConstrainedBox ÔåÉ _SingleChildViewport ÔåÉ Ôï»
  parentData: <none> (can use size)
  constraints: BoxConstraints(0.0<=w<=752.0, 0.0<=h<=Infinity)
  size: Size(752.0, 52.0)
  direction: horizontal
  mainAxisAlignment: spaceBetween
  mainAxisSize: max
  crossAxisAlignment: center
  textDirection: ltr
  verticalDirection: down
  spacing: 0.0
ÔùóÔùñÔùóÔùñÔùóÔùñÔùóÔùñÔùóÔùñÔùóÔùñÔùóÔùñÔùóÔùñÔùóÔùñÔùóÔùñÔùóÔùñÔùóÔùñÔùóÔùñÔùóÔùñÔùóÔùñÔùóÔùñÔùóÔùñÔùóÔùñÔùóÔùñÔùóÔùñÔùóÔùñÔùóÔùñÔùóÔùñÔùóÔùñÔùóÔùñÔùóÔùñÔùóÔùñÔùóÔùñÔùóÔùñÔùóÔùñÔùóÔùñÔùóÔùñÔùóÔùñÔùóÔùñÔùóÔùñÔùóÔùñÔùóÔùñÔùóÔùñÔùóÔùñÔùóÔùñÔùóÔùñÔùóÔùñÔùóÔùñÔùóÔùñÔùóÔùñÔùóÔùñÔùóÔùñÔùóÔùñÔùóÔùñÔùóÔùñ
ÔòÉÔòÉÔòÉÔòÉÔòÉÔòÉÔòÉÔòÉÔòÉÔòÉÔòÉÔòÉÔòÉÔòÉÔòÉÔòÉÔòÉÔòÉÔòÉÔòÉÔòÉÔòÉÔòÉÔòÉÔòÉÔòÉÔòÉÔòÉÔòÉÔòÉÔòÉÔòÉÔòÉÔòÉÔòÉÔòÉÔòÉÔòÉÔòÉÔòÉÔòÉÔòÉÔòÉÔòÉÔòÉÔòÉÔòÉÔòÉÔòÉÔòÉÔòÉÔòÉÔòÉÔòÉÔòÉÔòÉÔòÉÔòÉÔòÉÔòÉÔòÉÔòÉÔòÉÔòÉÔòÉÔòÉÔòÉÔòÉÔòÉÔòÉÔòÉÔòÉÔòÉÔòÉÔòÉÔòÉÔòÉÔòÉÔòÉÔòÉÔòÉÔòÉÔòÉÔòÉÔòÉÔòÉÔòÉÔòÉÔòÉÔòÉÔòÉÔòÉÔòÉÔòÉÔòÉÔòÉÔòÉÔòÉÔòÉÔòÉ
ÔòÉÔòÉÔòí EXCEPTION CAUGHT BY RENDERING LIBRARY Ôò×ÔòÉÔòÉÔòÉÔòÉÔòÉÔòÉÔòÉÔòÉÔòÉÔòÉÔòÉÔòÉÔòÉÔòÉÔòÉÔòÉÔòÉÔòÉÔòÉÔòÉÔòÉÔòÉÔòÉÔòÉÔòÉÔòÉÔòÉÔòÉÔòÉÔòÉÔòÉÔòÉÔòÉÔòÉÔòÉÔòÉÔòÉÔòÉÔòÉÔòÉÔòÉÔòÉÔòÉÔòÉÔòÉÔòÉÔòÉÔòÉÔòÉÔòÉÔòÉÔòÉÔòÉÔòÉÔòÉÔòÉÔòÉ
The following assertion was thrown during layout:
A RenderFlex overflowed by 25 pixels on the right.

The relevant error-causing widget was:
  Row
  Row:file:///C:/Users/pieri/OneDrive/Desktop/2ndsemester/Setap/unisphere-app/lib/widgets/app_footer.dart:145:26

The overflowing RenderFlex has an orientation of Axis.horizontal.
The edge of the RenderFlex that is overflowing has been marked in the rendering with a yellow and
black striped pattern. This is usually caused by the contents being too big for the RenderFlex.
Consider applying a flex factor (e.g. using an Expanded widget) to force the children of the
RenderFlex to fit within the available space instead of being sized to their natural size.
This is considered an error condition because it indicates that there is content that cannot be
seen. If the content is legitimately bigger than the available space, consider clipping it with a
ClipRect widget before putting it in the flex, or using a scrollable container rather than a Flex,
like a ListView.
The specific RenderFlex in question is: RenderFlex#7174f relayoutBoundary=up20 OVERFLOWING:
  creator: Row ÔåÉ LayoutBuilder ÔåÉ Column ÔåÉ ConstrainedBox ÔåÉ Center ÔåÉ Padding ÔåÉ ColoredBox ÔåÉ
    ConstrainedBox ÔåÉ Container ÔåÉ AppFooter ÔåÉ Column ÔåÉ ConstrainedBox ÔåÉ Ôï»
  parentData: offset=Offset(0.0, 0.0) (can use size)
  constraints: BoxConstraints(0.0<=w<=752.0, 0.0<=h<=Infinity)
  size: Size(752.0, 19.0)
  direction: horizontal
  mainAxisAlignment: spaceBetween
  mainAxisSize: max
  crossAxisAlignment: center
  textDirection: ltr
  verticalDirection: down
  spacing: 0.0
ÔùóÔùñÔùóÔùñÔùóÔùñÔùóÔùñÔùóÔùñÔùóÔùñÔùóÔùñÔùóÔùñÔùóÔùñÔùóÔùñÔùóÔùñÔùóÔùñÔùóÔùñÔùóÔùñÔùóÔùñÔùóÔùñÔùóÔùñÔùóÔùñÔùóÔùñÔùóÔùñÔùóÔùñÔùóÔùñÔùóÔùñÔùóÔùñÔùóÔùñÔùóÔùñÔùóÔùñÔùóÔùñÔùóÔùñÔùóÔùñÔùóÔùñÔùóÔùñÔùóÔùñÔùóÔùñÔùóÔùñÔùóÔùñÔùóÔùñÔùóÔùñÔùóÔùñÔùóÔùñÔùóÔùñÔùóÔùñÔùóÔùñÔùóÔùñÔùóÔùñÔùóÔùñÔùóÔùñÔùóÔùñÔùóÔùñÔùóÔùñ
ÔòÉÔòÉÔòÉÔòÉÔòÉÔòÉÔòÉÔòÉÔòÉÔòÉÔòÉÔòÉÔòÉÔòÉÔòÉÔòÉÔòÉÔòÉÔòÉÔòÉÔòÉÔòÉÔòÉÔòÉÔòÉÔòÉÔòÉÔòÉÔòÉÔòÉÔòÉÔòÉÔòÉÔòÉÔòÉÔòÉÔòÉÔòÉÔòÉÔòÉÔòÉÔòÉÔòÉÔòÉÔòÉÔòÉÔòÉÔòÉÔòÉÔòÉÔòÉÔòÉÔòÉÔòÉÔòÉÔòÉÔòÉÔòÉÔòÉÔòÉÔòÉÔòÉÔòÉÔòÉÔòÉÔòÉÔòÉÔòÉÔòÉÔòÉÔòÉÔòÉÔòÉÔòÉÔòÉÔòÉÔòÉÔòÉÔòÉÔòÉÔòÉÔòÉÔòÉÔòÉÔòÉÔòÉÔòÉÔòÉÔòÉÔòÉÔòÉÔòÉÔòÉÔòÉÔòÉÔòÉÔòÉÔòÉÔòÉÔòÉ
ÔòÉÔòÉÔòí EXCEPTION CAUGHT BY RENDERING LIBRARY Ôò×ÔòÉÔòÉÔòÉÔòÉÔòÉÔòÉÔòÉÔòÉÔòÉÔòÉÔòÉÔòÉÔòÉÔòÉÔòÉÔòÉÔòÉÔòÉÔòÉÔòÉÔòÉÔòÉÔòÉÔòÉÔòÉÔòÉÔòÉÔòÉÔòÉÔòÉÔòÉÔòÉÔòÉÔòÉÔòÉÔòÉÔòÉÔòÉÔòÉÔòÉÔòÉÔòÉÔòÉÔòÉÔòÉÔòÉÔòÉÔòÉÔòÉÔòÉÔòÉÔòÉÔòÉÔòÉÔòÉÔòÉÔòÉ
The following assertion was thrown during layout:
A RenderFlex overflowed by 614 pixels on the right.

The relevant error-causing widget was:
  Row
  Row:file:///C:/Users/pieri/OneDrive/Desktop/2ndsemester/Setap/unisphere-app/lib/widgets/header.dart:183:17

The overflowing RenderFlex has an orientation of Axis.horizontal.
The edge of the RenderFlex that is overflowing has been marked in the rendering with a yellow and
black striped pattern. This is usually caused by the contents being too big for the RenderFlex.
Consider applying a flex factor (e.g. using an Expanded widget) to force the children of the
RenderFlex to fit within the available space instead of being sized to their natural size.
This is considered an error condition because it indicates that there is content that cannot be
seen. If the content is legitimately bigger than the available space, consider clipping it with a
ClipRect widget before putting it in the flex, or using a scrollable container rather than a Flex,
like a ListView.
The specific RenderFlex in question is: RenderFlex#10f34 relayoutBoundary=up19 OVERFLOWING:
  creator: Row ÔåÉ ConstrainedBox ÔåÉ Center ÔåÉ Padding ÔåÉ ColoredBox ÔåÉ ConstrainedBox ÔåÉ Container ÔåÉ
    AppHeader ÔåÉ Column ÔåÉ Column ÔåÉ ConstrainedBox ÔåÉ _SingleChildViewport ÔåÉ Ôï»
  parentData: <none> (can use size)
  constraints: BoxConstraints(0.0<=w<=752.0, 0.0<=h<=Infinity)
  size: Size(752.0, 52.0)
  direction: horizontal
  mainAxisAlignment: spaceBetween
  mainAxisSize: max
  crossAxisAlignment: center
  textDirection: ltr
  verticalDirection: down
  spacing: 0.0
ÔùóÔùñÔùóÔùñÔùóÔùñÔùóÔùñÔùóÔùñÔùóÔùñÔùóÔùñÔùóÔùñÔùóÔùñÔùóÔùñÔùóÔùñÔùóÔùñÔùóÔùñÔùóÔùñÔùóÔùñÔùóÔùñÔùóÔùñÔùóÔùñÔùóÔùñÔùóÔùñÔùóÔùñÔùóÔùñÔùóÔùñÔùóÔùñÔùóÔùñÔùóÔùñÔùóÔùñÔùóÔùñÔùóÔùñÔùóÔùñÔùóÔùñÔùóÔùñÔùóÔùñÔùóÔùñÔùóÔùñÔùóÔùñÔùóÔùñÔùóÔùñÔùóÔùñÔùóÔùñÔùóÔùñÔùóÔùñÔùóÔùñÔùóÔùñÔùóÔùñÔùóÔùñÔùóÔùñÔùóÔùñÔùóÔùñÔùóÔùñ
ÔòÉÔòÉÔòÉÔòÉÔòÉÔòÉÔòÉÔòÉÔòÉÔòÉÔòÉÔòÉÔòÉÔòÉÔòÉÔòÉÔòÉÔòÉÔòÉÔòÉÔòÉÔòÉÔòÉÔòÉÔòÉÔòÉÔòÉÔòÉÔòÉÔòÉÔòÉÔòÉÔòÉÔòÉÔòÉÔòÉÔòÉÔòÉÔòÉÔòÉÔòÉÔòÉÔòÉÔòÉÔòÉÔòÉÔòÉÔòÉÔòÉÔòÉÔòÉÔòÉÔòÉÔòÉÔòÉÔòÉÔòÉÔòÉÔòÉÔòÉÔòÉÔòÉÔòÉÔòÉÔòÉÔòÉÔòÉÔòÉÔòÉÔòÉÔòÉÔòÉÔòÉÔòÉÔòÉÔòÉÔòÉÔòÉÔòÉÔòÉÔòÉÔòÉÔòÉÔòÉÔòÉÔòÉÔòÉÔòÉÔòÉÔòÉÔòÉÔòÉÔòÉÔòÉÔòÉÔòÉÔòÉÔòÉÔòÉÔòÉ
ÔòÉÔòÉÔòí EXCEPTION CAUGHT BY RENDERING LIBRARY Ôò×ÔòÉÔòÉÔòÉÔòÉÔòÉÔòÉÔòÉÔòÉÔòÉÔòÉÔòÉÔòÉÔòÉÔòÉÔòÉÔòÉÔòÉÔòÉÔòÉÔòÉÔòÉÔòÉÔòÉÔòÉÔòÉÔòÉÔòÉÔòÉÔòÉÔòÉÔòÉÔòÉÔòÉÔòÉÔòÉÔòÉÔòÉÔòÉÔòÉÔòÉÔòÉÔòÉÔòÉÔòÉÔòÉÔòÉÔòÉÔòÉÔòÉÔòÉÔòÉÔòÉÔòÉÔòÉÔòÉÔòÉÔòÉ
The following assertion was thrown during layout:
A RenderFlex overflowed by 25 pixels on the right.

The relevant error-causing widget was:
  Row
  Row:file:///C:/Users/pieri/OneDrive/Desktop/2ndsemester/Setap/unisphere-app/lib/widgets/app_footer.dart:145:26

The overflowing RenderFlex has an orientation of Axis.horizontal.
The edge of the RenderFlex that is overflowing has been marked in the rendering with a yellow and
black striped pattern. This is usually caused by the contents being too big for the RenderFlex.
Consider applying a flex factor (e.g. using an Expanded widget) to force the children of the
RenderFlex to fit within the available space instead of being sized to their natural size.
This is considered an error condition because it indicates that there is content that cannot be
seen. If the content is legitimately bigger than the available space, consider clipping it with a
ClipRect widget before putting it in the flex, or using a scrollable container rather than a Flex,
like a ListView.
The specific RenderFlex in question is: RenderFlex#2afa9 relayoutBoundary=up20 OVERFLOWING:
  creator: Row ÔåÉ LayoutBuilder ÔåÉ Column ÔåÉ ConstrainedBox ÔåÉ Center ÔåÉ Padding ÔåÉ ColoredBox ÔåÉ
    ConstrainedBox ÔåÉ Container ÔåÉ AppFooter ÔåÉ Column ÔåÉ ConstrainedBox ÔåÉ Ôï»
  parentData: offset=Offset(0.0, 0.0) (can use size)
  constraints: BoxConstraints(0.0<=w<=752.0, 0.0<=h<=Infinity)
  size: Size(752.0, 19.0)
  direction: horizontal
  mainAxisAlignment: spaceBetween
  mainAxisSize: max
  crossAxisAlignment: center
  textDirection: ltr
  verticalDirection: down
  spacing: 0.0
ÔùóÔùñÔùóÔùñÔùóÔùñÔùóÔùñÔùóÔùñÔùóÔùñÔùóÔùñÔùóÔùñÔùóÔùñÔùóÔùñÔùóÔùñÔùóÔùñÔùóÔùñÔùóÔùñÔùóÔùñÔùóÔùñÔùóÔùñÔùóÔùñÔùóÔùñÔùóÔùñÔùóÔùñÔùóÔùñÔùóÔùñÔùóÔùñÔùóÔùñÔùóÔùñÔùóÔùñÔùóÔùñÔùóÔùñÔùóÔùñÔùóÔùñÔùóÔùñÔùóÔùñÔùóÔùñÔùóÔùñÔùóÔùñÔùóÔùñÔùóÔùñÔùóÔùñÔùóÔùñÔùóÔùñÔùóÔùñÔùóÔùñÔùóÔùñÔùóÔùñÔùóÔùñÔùóÔùñÔùóÔùñÔùóÔùñÔùóÔùñ
ÔòÉÔòÉÔòÉÔòÉÔòÉÔòÉÔòÉÔòÉÔòÉÔòÉÔòÉÔòÉÔòÉÔòÉÔòÉÔòÉÔòÉÔòÉÔòÉÔòÉÔòÉÔòÉÔòÉÔòÉÔòÉÔòÉÔòÉÔòÉÔòÉÔòÉÔòÉÔòÉÔòÉÔòÉÔòÉÔòÉÔòÉÔòÉÔòÉÔòÉÔòÉÔòÉÔòÉÔòÉÔòÉÔòÉÔòÉÔòÉÔòÉÔòÉÔòÉÔòÉÔòÉÔòÉÔòÉÔòÉÔòÉÔòÉÔòÉÔòÉÔòÉÔòÉÔòÉÔòÉÔòÉÔòÉÔòÉÔòÉÔòÉÔòÉÔòÉÔòÉÔòÉÔòÉÔòÉÔòÉÔòÉÔòÉÔòÉÔòÉÔòÉÔòÉÔòÉÔòÉÔòÉÔòÉÔòÉÔòÉÔòÉÔòÉÔòÉÔòÉÔòÉÔòÉÔòÉÔòÉÔòÉÔòÉÔòÉÔòÉ
ÔòÉÔòÉÔòí EXCEPTION CAUGHT BY FLUTTER TEST FRAMEWORK Ôò×ÔòÉÔòÉÔòÉÔòÉÔòÉÔòÉÔòÉÔòÉÔòÉÔòÉÔòÉÔòÉÔòÉÔòÉÔòÉÔòÉÔòÉÔòÉÔòÉÔòÉÔòÉÔòÉÔòÉÔòÉÔòÉÔòÉÔòÉÔòÉÔòÉÔòÉÔòÉÔòÉÔòÉÔòÉÔòÉÔòÉÔòÉÔòÉÔòÉÔòÉÔòÉÔòÉÔòÉÔòÉÔòÉÔòÉÔòÉÔòÉÔòÉÔòÉÔòÉÔòÉ
The following message was thrown:
Multiple exceptions (4) were detected during the running of the current test, and at least one was
unexpected.
ÔòÉÔòÉÔòÉÔòÉÔòÉÔòÉÔòÉÔòÉÔòÉÔòÉÔòÉÔòÉÔòÉÔòÉÔòÉÔòÉÔòÉÔòÉÔòÉÔòÉÔòÉÔòÉÔòÉÔòÉÔòÉÔòÉÔòÉÔòÉÔòÉÔòÉÔòÉÔòÉÔòÉÔòÉÔòÉÔòÉÔòÉÔòÉÔòÉÔòÉÔòÉÔòÉÔòÉÔòÉÔòÉÔòÉÔòÉÔòÉÔòÉÔòÉÔòÉÔòÉÔòÉÔòÉÔòÉÔòÉÔòÉÔòÉÔòÉÔòÉÔòÉÔòÉÔòÉÔòÉÔòÉÔòÉÔòÉÔòÉÔòÉÔòÉÔòÉÔòÉÔòÉÔòÉÔòÉÔòÉÔòÉÔòÉÔòÉÔòÉÔòÉÔòÉÔòÉÔòÉÔòÉÔòÉÔòÉÔòÉÔòÉÔòÉÔòÉÔòÉÔòÉÔòÉÔòÉÔòÉÔòÉÔòÉÔòÉÔòÉ
00:05 +0 -9: DiscoverEventScreen breadcrumbs navigate back [E]
  Test failed. See exception logs above.
  The test description was: breadcrumbs navigate back
  
00:05 +0 -9: DiscoverEventScreen handles event missing optional fields
ÔòÉÔòÉÔòí EXCEPTION CAUGHT BY RENDERING LIBRARY Ôò×ÔòÉÔòÉÔòÉÔòÉÔòÉÔòÉÔòÉÔòÉÔòÉÔòÉÔòÉÔòÉÔòÉÔòÉÔòÉÔòÉÔòÉÔòÉÔòÉÔòÉÔòÉÔòÉÔòÉÔòÉÔòÉÔòÉÔòÉÔòÉÔòÉÔòÉÔòÉÔòÉÔòÉÔòÉÔòÉÔòÉÔòÉÔòÉÔòÉÔòÉÔòÉÔòÉÔòÉÔòÉÔòÉÔòÉÔòÉÔòÉÔòÉÔòÉÔòÉÔòÉÔòÉÔòÉÔòÉÔòÉÔòÉ
The following assertion was thrown during layout:
A RenderFlex overflowed by 614 pixels on the right.

The relevant error-causing widget was:
  Row
  Row:file:///C:/Users/pieri/OneDrive/Desktop/2ndsemester/Setap/unisphere-app/lib/widgets/header.dart:183:17

The overflowing RenderFlex has an orientation of Axis.horizontal.
The edge of the RenderFlex that is overflowing has been marked in the rendering with a yellow and
black striped pattern. This is usually caused by the contents being too big for the RenderFlex.
Consider applying a flex factor (e.g. using an Expanded widget) to force the children of the
RenderFlex to fit within the available space instead of being sized to their natural size.
This is considered an error condition because it indicates that there is content that cannot be
seen. If the content is legitimately bigger than the available space, consider clipping it with a
ClipRect widget before putting it in the flex, or using a scrollable container rather than a Flex,
like a ListView.
The specific RenderFlex in question is: RenderFlex#8b754 relayoutBoundary=up19 OVERFLOWING:
  creator: Row ÔåÉ ConstrainedBox ÔåÉ Center ÔåÉ Padding ÔåÉ ColoredBox ÔåÉ ConstrainedBox ÔåÉ Container ÔåÉ
    AppHeader ÔåÉ Column ÔåÉ Column ÔåÉ ConstrainedBox ÔåÉ _SingleChildViewport ÔåÉ Ôï»
  parentData: <none> (can use size)
  constraints: BoxConstraints(0.0<=w<=752.0, 0.0<=h<=Infinity)
  size: Size(752.0, 52.0)
  direction: horizontal
  mainAxisAlignment: spaceBetween
  mainAxisSize: max
  crossAxisAlignment: center
  textDirection: ltr
  verticalDirection: down
  spacing: 0.0
ÔùóÔùñÔùóÔùñÔùóÔùñÔùóÔùñÔùóÔùñÔùóÔùñÔùóÔùñÔùóÔùñÔùóÔùñÔùóÔùñÔùóÔùñÔùóÔùñÔùóÔùñÔùóÔùñÔùóÔùñÔùóÔùñÔùóÔùñÔùóÔùñÔùóÔùñÔùóÔùñÔùóÔùñÔùóÔùñÔùóÔùñÔùóÔùñÔùóÔùñÔùóÔùñÔùóÔùñÔùóÔùñÔùóÔùñÔùóÔùñÔùóÔùñÔùóÔùñÔùóÔùñÔùóÔùñÔùóÔùñÔùóÔùñÔùóÔùñÔùóÔùñÔùóÔùñÔùóÔùñÔùóÔùñÔùóÔùñÔùóÔùñÔùóÔùñÔùóÔùñÔùóÔùñÔùóÔùñÔùóÔùñÔùóÔùñÔùóÔùñ
ÔòÉÔòÉÔòÉÔòÉÔòÉÔòÉÔòÉÔòÉÔòÉÔòÉÔòÉÔòÉÔòÉÔòÉÔòÉÔòÉÔòÉÔòÉÔòÉÔòÉÔòÉÔòÉÔòÉÔòÉÔòÉÔòÉÔòÉÔòÉÔòÉÔòÉÔòÉÔòÉÔòÉÔòÉÔòÉÔòÉÔòÉÔòÉÔòÉÔòÉÔòÉÔòÉÔòÉÔòÉÔòÉÔòÉÔòÉÔòÉÔòÉÔòÉÔòÉÔòÉÔòÉÔòÉÔòÉÔòÉÔòÉÔòÉÔòÉÔòÉÔòÉÔòÉÔòÉÔòÉÔòÉÔòÉÔòÉÔòÉÔòÉÔòÉÔòÉÔòÉÔòÉÔòÉÔòÉÔòÉÔòÉÔòÉÔòÉÔòÉÔòÉÔòÉÔòÉÔòÉÔòÉÔòÉÔòÉÔòÉÔòÉÔòÉÔòÉÔòÉÔòÉÔòÉÔòÉÔòÉÔòÉÔòÉÔòÉÔòÉ
ÔòÉÔòÉÔòí EXCEPTION CAUGHT BY RENDERING LIBRARY Ôò×ÔòÉÔòÉÔòÉÔòÉÔòÉÔòÉÔòÉÔòÉÔòÉÔòÉÔòÉÔòÉÔòÉÔòÉÔòÉÔòÉÔòÉÔòÉÔòÉÔòÉÔòÉÔòÉÔòÉÔòÉÔòÉÔòÉÔòÉÔòÉÔòÉÔòÉÔòÉÔòÉÔòÉÔòÉÔòÉÔòÉÔòÉÔòÉÔòÉÔòÉÔòÉÔòÉÔòÉÔòÉÔòÉÔòÉÔòÉÔòÉÔòÉÔòÉÔòÉÔòÉÔòÉÔòÉÔòÉÔòÉÔòÉ
The following assertion was thrown during layout:
A RenderFlex overflowed by 25 pixels on the right.

The relevant error-causing widget was:
  Row
  Row:file:///C:/Users/pieri/OneDrive/Desktop/2ndsemester/Setap/unisphere-app/lib/widgets/app_footer.dart:145:26

The overflowing RenderFlex has an orientation of Axis.horizontal.
The edge of the RenderFlex that is overflowing has been marked in the rendering with a yellow and
black striped pattern. This is usually caused by the contents being too big for the RenderFlex.
Consider applying a flex factor (e.g. using an Expanded widget) to force the children of the
RenderFlex to fit within the available space instead of being sized to their natural size.
This is considered an error condition because it indicates that there is content that cannot be
seen. If the content is legitimately bigger than the available space, consider clipping it with a
ClipRect widget before putting it in the flex, or using a scrollable container rather than a Flex,
like a ListView.
The specific RenderFlex in question is: RenderFlex#00ca3 relayoutBoundary=up20 OVERFLOWING:
  creator: Row ÔåÉ LayoutBuilder ÔåÉ Column ÔåÉ ConstrainedBox ÔåÉ Center ÔåÉ Padding ÔåÉ ColoredBox ÔåÉ
    ConstrainedBox ÔåÉ Container ÔåÉ AppFooter ÔåÉ Column ÔåÉ ConstrainedBox ÔåÉ Ôï»
  parentData: offset=Offset(0.0, 0.0) (can use size)
  constraints: BoxConstraints(0.0<=w<=752.0, 0.0<=h<=Infinity)
  size: Size(752.0, 19.0)
  direction: horizontal
  mainAxisAlignment: spaceBetween
  mainAxisSize: max
  crossAxisAlignment: center
  textDirection: ltr
  verticalDirection: down
  spacing: 0.0
ÔùóÔùñÔùóÔùñÔùóÔùñÔùóÔùñÔùóÔùñÔùóÔùñÔùóÔùñÔùóÔùñÔùóÔùñÔùóÔùñÔùóÔùñÔùóÔùñÔùóÔùñÔùóÔùñÔùóÔùñÔùóÔùñÔùóÔùñÔùóÔùñÔùóÔùñÔùóÔùñÔùóÔùñÔùóÔùñÔùóÔùñÔùóÔùñÔùóÔùñÔùóÔùñÔùóÔùñÔùóÔùñÔùóÔùñÔùóÔùñÔùóÔùñÔùóÔùñÔùóÔùñÔùóÔùñÔùóÔùñÔùóÔùñÔùóÔùñÔùóÔùñÔùóÔùñÔùóÔùñÔùóÔùñÔùóÔùñÔùóÔùñÔùóÔùñÔùóÔùñÔùóÔùñÔùóÔùñÔùóÔùñÔùóÔùñÔùóÔùñ
ÔòÉÔòÉÔòÉÔòÉÔòÉÔòÉÔòÉÔòÉÔòÉÔòÉÔòÉÔòÉÔòÉÔòÉÔòÉÔòÉÔòÉÔòÉÔòÉÔòÉÔòÉÔòÉÔòÉÔòÉÔòÉÔòÉÔòÉÔòÉÔòÉÔòÉÔòÉÔòÉÔòÉÔòÉÔòÉÔòÉÔòÉÔòÉÔòÉÔòÉÔòÉÔòÉÔòÉÔòÉÔòÉÔòÉÔòÉÔòÉÔòÉÔòÉÔòÉÔòÉÔòÉÔòÉÔòÉÔòÉÔòÉÔòÉÔòÉÔòÉÔòÉÔòÉÔòÉÔòÉÔòÉÔòÉÔòÉÔòÉÔòÉÔòÉÔòÉÔòÉÔòÉÔòÉÔòÉÔòÉÔòÉÔòÉÔòÉÔòÉÔòÉÔòÉÔòÉÔòÉÔòÉÔòÉÔòÉÔòÉÔòÉÔòÉÔòÉÔòÉÔòÉÔòÉÔòÉÔòÉÔòÉÔòÉÔòÉÔòÉ
ÔòÉÔòÉÔòí EXCEPTION CAUGHT BY FLUTTER TEST FRAMEWORK Ôò×ÔòÉÔòÉÔòÉÔòÉÔòÉÔòÉÔòÉÔòÉÔòÉÔòÉÔòÉÔòÉÔòÉÔòÉÔòÉÔòÉÔòÉÔòÉÔòÉÔòÉÔòÉÔòÉÔòÉÔòÉÔòÉÔòÉÔòÉÔòÉÔòÉÔòÉÔòÉÔòÉÔòÉÔòÉÔòÉÔòÉÔòÉÔòÉÔòÉÔòÉÔòÉÔòÉÔòÉÔòÉÔòÉÔòÉÔòÉÔòÉÔòÉÔòÉÔòÉÔòÉ
The following message was thrown:
Multiple exceptions (2) were detected during the running of the current test, and at least one was
unexpected.
ÔòÉÔòÉÔòÉÔòÉÔòÉÔòÉÔòÉÔòÉÔòÉÔòÉÔòÉÔòÉÔòÉÔòÉÔòÉÔòÉÔòÉÔòÉÔòÉÔòÉÔòÉÔòÉÔòÉÔòÉÔòÉÔòÉÔòÉÔòÉÔòÉÔòÉÔòÉÔòÉÔòÉÔòÉÔòÉÔòÉÔòÉÔòÉÔòÉÔòÉÔòÉÔòÉÔòÉÔòÉÔòÉÔòÉÔòÉÔòÉÔòÉÔòÉÔòÉÔòÉÔòÉÔòÉÔòÉÔòÉÔòÉÔòÉÔòÉÔòÉÔòÉÔòÉÔòÉÔòÉÔòÉÔòÉÔòÉÔòÉÔòÉÔòÉÔòÉÔòÉÔòÉÔòÉÔòÉÔòÉÔòÉÔòÉÔòÉÔòÉÔòÉÔòÉÔòÉÔòÉÔòÉÔòÉÔòÉÔòÉÔòÉÔòÉÔòÉÔòÉÔòÉÔòÉÔòÉÔòÉÔòÉÔòÉÔòÉÔòÉ
00:05 +0 -10: DiscoverEventScreen handles event missing optional fields [E]
  Test failed. See exception logs above.
  The test description was: handles event missing optional fields
  
00:05 +0 -10: DiscoverEventScreen skips private and demo events
ÔòÉÔòÉÔòí EXCEPTION CAUGHT BY RENDERING LIBRARY Ôò×ÔòÉÔòÉÔòÉÔòÉÔòÉÔòÉÔòÉÔòÉÔòÉÔòÉÔòÉÔòÉÔòÉÔòÉÔòÉÔòÉÔòÉÔòÉÔòÉÔòÉÔòÉÔòÉÔòÉÔòÉÔòÉÔòÉÔòÉÔòÉÔòÉÔòÉÔòÉÔòÉÔòÉÔòÉÔòÉÔòÉÔòÉÔòÉÔòÉÔòÉÔòÉÔòÉÔòÉÔòÉÔòÉÔòÉÔòÉÔòÉÔòÉÔòÉÔòÉÔòÉÔòÉÔòÉÔòÉÔòÉÔòÉ
The following assertion was thrown during layout:
A RenderFlex overflowed by 614 pixels on the right.

The relevant error-causing widget was:
  Row
  Row:file:///C:/Users/pieri/OneDrive/Desktop/2ndsemester/Setap/unisphere-app/lib/widgets/header.dart:183:17

The overflowing RenderFlex has an orientation of Axis.horizontal.
The edge of the RenderFlex that is overflowing has been marked in the rendering with a yellow and
black striped pattern. This is usually caused by the contents being too big for the RenderFlex.
Consider applying a flex factor (e.g. using an Expanded widget) to force the children of the
RenderFlex to fit within the available space instead of being sized to their natural size.
This is considered an error condition because it indicates that there is content that cannot be
seen. If the content is legitimately bigger than the available space, consider clipping it with a
ClipRect widget before putting it in the flex, or using a scrollable container rather than a Flex,
like a ListView.
The specific RenderFlex in question is: RenderFlex#fb650 relayoutBoundary=up19 OVERFLOWING:
  creator: Row ÔåÉ ConstrainedBox ÔåÉ Center ÔåÉ Padding ÔåÉ ColoredBox ÔåÉ ConstrainedBox ÔåÉ Container ÔåÉ
    AppHeader ÔåÉ Column ÔåÉ Column ÔåÉ ConstrainedBox ÔåÉ _SingleChildViewport ÔåÉ Ôï»
  parentData: <none> (can use size)
  constraints: BoxConstraints(0.0<=w<=752.0, 0.0<=h<=Infinity)
  size: Size(752.0, 52.0)
  direction: horizontal
  mainAxisAlignment: spaceBetween
  mainAxisSize: max
  crossAxisAlignment: center
  textDirection: ltr
  verticalDirection: down
  spacing: 0.0
ÔùóÔùñÔùóÔùñÔùóÔùñÔùóÔùñÔùóÔùñÔùóÔùñÔùóÔùñÔùóÔùñÔùóÔùñÔùóÔùñÔùóÔùñÔùóÔùñÔùóÔùñÔùóÔùñÔùóÔùñÔùóÔùñÔùóÔùñÔùóÔùñÔùóÔùñÔùóÔùñÔùóÔùñÔùóÔùñÔùóÔùñÔùóÔùñÔùóÔùñÔùóÔùñÔùóÔùñÔùóÔùñÔùóÔùñÔùóÔùñÔùóÔùñÔùóÔùñÔùóÔùñÔùóÔùñÔùóÔùñÔùóÔùñÔùóÔùñÔùóÔùñÔùóÔùñÔùóÔùñÔùóÔùñÔùóÔùñÔùóÔùñÔùóÔùñÔùóÔùñÔùóÔùñÔùóÔùñÔùóÔùñÔùóÔùñÔùóÔùñ
ÔòÉÔòÉÔòÉÔòÉÔòÉÔòÉÔòÉÔòÉÔòÉÔòÉÔòÉÔòÉÔòÉÔòÉÔòÉÔòÉÔòÉÔòÉÔòÉÔòÉÔòÉÔòÉÔòÉÔòÉÔòÉÔòÉÔòÉÔòÉÔòÉÔòÉÔòÉÔòÉÔòÉÔòÉÔòÉÔòÉÔòÉÔòÉÔòÉÔòÉÔòÉÔòÉÔòÉÔòÉÔòÉÔòÉÔòÉÔòÉÔòÉÔòÉÔòÉÔòÉÔòÉÔòÉÔòÉÔòÉÔòÉÔòÉÔòÉÔòÉÔòÉÔòÉÔòÉÔòÉÔòÉÔòÉÔòÉÔòÉÔòÉÔòÉÔòÉÔòÉÔòÉÔòÉÔòÉÔòÉÔòÉÔòÉÔòÉÔòÉÔòÉÔòÉÔòÉÔòÉÔòÉÔòÉÔòÉÔòÉÔòÉÔòÉÔòÉÔòÉÔòÉÔòÉÔòÉÔòÉÔòÉÔòÉÔòÉÔòÉ
ÔòÉÔòÉÔòí EXCEPTION CAUGHT BY RENDERING LIBRARY Ôò×ÔòÉÔòÉÔòÉÔòÉÔòÉÔòÉÔòÉÔòÉÔòÉÔòÉÔòÉÔòÉÔòÉÔòÉÔòÉÔòÉÔòÉÔòÉÔòÉÔòÉÔòÉÔòÉÔòÉÔòÉÔòÉÔòÉÔòÉÔòÉÔòÉÔòÉÔòÉÔòÉÔòÉÔòÉÔòÉÔòÉÔòÉÔòÉÔòÉÔòÉÔòÉÔòÉÔòÉÔòÉÔòÉÔòÉÔòÉÔòÉÔòÉÔòÉÔòÉÔòÉÔòÉÔòÉÔòÉÔòÉÔòÉ
The following assertion was thrown during layout:
A RenderFlex overflowed by 25 pixels on the right.

The relevant error-causing widget was:
  Row
  Row:file:///C:/Users/pieri/OneDrive/Desktop/2ndsemester/Setap/unisphere-app/lib/widgets/app_footer.dart:145:26

The overflowing RenderFlex has an orientation of Axis.horizontal.
The edge of the RenderFlex that is overflowing has been marked in the rendering with a yellow and
black striped pattern. This is usually caused by the contents being too big for the RenderFlex.
Consider applying a flex factor (e.g. using an Expanded widget) to force the children of the
RenderFlex to fit within the available space instead of being sized to their natural size.
This is considered an error condition because it indicates that there is content that cannot be
seen. If the content is legitimately bigger than the available space, consider clipping it with a
ClipRect widget before putting it in the flex, or using a scrollable container rather than a Flex,
like a ListView.
The specific RenderFlex in question is: RenderFlex#489db relayoutBoundary=up20 OVERFLOWING:
  creator: Row ÔåÉ LayoutBuilder ÔåÉ Column ÔåÉ ConstrainedBox ÔåÉ Center ÔåÉ Padding ÔåÉ ColoredBox ÔåÉ
    ConstrainedBox ÔåÉ Container ÔåÉ AppFooter ÔåÉ Column ÔåÉ ConstrainedBox ÔåÉ Ôï»
  parentData: offset=Offset(0.0, 0.0) (can use size)
  constraints: BoxConstraints(0.0<=w<=752.0, 0.0<=h<=Infinity)
  size: Size(752.0, 19.0)
  direction: horizontal
  mainAxisAlignment: spaceBetween
  mainAxisSize: max
  crossAxisAlignment: center
  textDirection: ltr
  verticalDirection: down
  spacing: 0.0
ÔùóÔùñÔùóÔùñÔùóÔùñÔùóÔùñÔùóÔùñÔùóÔùñÔùóÔùñÔùóÔùñÔùóÔùñÔùóÔùñÔùóÔùñÔùóÔùñÔùóÔùñÔùóÔùñÔùóÔùñÔùóÔùñÔùóÔùñÔùóÔùñÔùóÔùñÔùóÔùñÔùóÔùñÔùóÔùñÔùóÔùñÔùóÔùñÔùóÔùñÔùóÔùñÔùóÔùñÔùóÔùñÔùóÔùñÔùóÔùñÔùóÔùñÔùóÔùñÔùóÔùñÔùóÔùñÔùóÔùñÔùóÔùñÔùóÔùñÔùóÔùñÔùóÔùñÔùóÔùñÔùóÔùñÔùóÔùñÔùóÔùñÔùóÔùñÔùóÔùñÔùóÔùñÔùóÔùñÔùóÔùñÔùóÔùñÔùóÔùñ
ÔòÉÔòÉÔòÉÔòÉÔòÉÔòÉÔòÉÔòÉÔòÉÔòÉÔòÉÔòÉÔòÉÔòÉÔòÉÔòÉÔòÉÔòÉÔòÉÔòÉÔòÉÔòÉÔòÉÔòÉÔòÉÔòÉÔòÉÔòÉÔòÉÔòÉÔòÉÔòÉÔòÉÔòÉÔòÉÔòÉÔòÉÔòÉÔòÉÔòÉÔòÉÔòÉÔòÉÔòÉÔòÉÔòÉÔòÉÔòÉÔòÉÔòÉÔòÉÔòÉÔòÉÔòÉÔòÉÔòÉÔòÉÔòÉÔòÉÔòÉÔòÉÔòÉÔòÉÔòÉÔòÉÔòÉÔòÉÔòÉÔòÉÔòÉÔòÉÔòÉÔòÉÔòÉÔòÉÔòÉÔòÉÔòÉÔòÉÔòÉÔòÉÔòÉÔòÉÔòÉÔòÉÔòÉÔòÉÔòÉÔòÉÔòÉÔòÉÔòÉÔòÉÔòÉÔòÉÔòÉÔòÉÔòÉÔòÉÔòÉ
ÔòÉÔòÉÔòí EXCEPTION CAUGHT BY FLUTTER TEST FRAMEWORK Ôò×ÔòÉÔòÉÔòÉÔòÉÔòÉÔòÉÔòÉÔòÉÔòÉÔòÉÔòÉÔòÉÔòÉÔòÉÔòÉÔòÉÔòÉÔòÉÔòÉÔòÉÔòÉÔòÉÔòÉÔòÉÔòÉÔòÉÔòÉÔòÉÔòÉÔòÉÔòÉÔòÉÔòÉÔòÉÔòÉÔòÉÔòÉÔòÉÔòÉÔòÉÔòÉÔòÉÔòÉÔòÉÔòÉÔòÉÔòÉÔòÉÔòÉÔòÉÔòÉÔòÉ
The following message was thrown:
Multiple exceptions (2) were detected during the running of the current test, and at least one was
unexpected.
ÔòÉÔòÉÔòÉÔòÉÔòÉÔòÉÔòÉÔòÉÔòÉÔòÉÔòÉÔòÉÔòÉÔòÉÔòÉÔòÉÔòÉÔòÉÔòÉÔòÉÔòÉÔòÉÔòÉÔòÉÔòÉÔòÉÔòÉÔòÉÔòÉÔòÉÔòÉÔòÉÔòÉÔòÉÔòÉÔòÉÔòÉÔòÉÔòÉÔòÉÔòÉÔòÉÔòÉÔòÉÔòÉÔòÉÔòÉÔòÉÔòÉÔòÉÔòÉÔòÉÔòÉÔòÉÔòÉÔòÉÔòÉÔòÉÔòÉÔòÉÔòÉÔòÉÔòÉÔòÉÔòÉÔòÉÔòÉÔòÉÔòÉÔòÉÔòÉÔòÉÔòÉÔòÉÔòÉÔòÉÔòÉÔòÉÔòÉÔòÉÔòÉÔòÉÔòÉÔòÉÔòÉÔòÉÔòÉÔòÉÔòÉÔòÉÔòÉÔòÉÔòÉÔòÉÔòÉÔòÉÔòÉÔòÉÔòÉÔòÉ
00:05 +0 -11: DiscoverEventScreen skips private and demo events [E]
  Test failed. See exception logs above.
  The test description was: skips private and demo events
  
00:05 +0 -11: DiscoverEventScreen date filters apply correctly
ÔòÉÔòÉÔòí EXCEPTION CAUGHT BY RENDERING LIBRARY Ôò×ÔòÉÔòÉÔòÉÔòÉÔòÉÔòÉÔòÉÔòÉÔòÉÔòÉÔòÉÔòÉÔòÉÔòÉÔòÉÔòÉÔòÉÔòÉÔòÉÔòÉÔòÉÔòÉÔòÉÔòÉÔòÉÔòÉÔòÉÔòÉÔòÉÔòÉÔòÉÔòÉÔòÉÔòÉÔòÉÔòÉÔòÉÔòÉÔòÉÔòÉÔòÉÔòÉÔòÉÔòÉÔòÉÔòÉÔòÉÔòÉÔòÉÔòÉÔòÉÔòÉÔòÉÔòÉÔòÉÔòÉÔòÉ
The following assertion was thrown during layout:
A RenderFlex overflowed by 614 pixels on the right.

The relevant error-causing widget was:
  Row
  Row:file:///C:/Users/pieri/OneDrive/Desktop/2ndsemester/Setap/unisphere-app/lib/widgets/header.dart:183:17

The overflowing RenderFlex has an orientation of Axis.horizontal.
The edge of the RenderFlex that is overflowing has been marked in the rendering with a yellow and
black striped pattern. This is usually caused by the contents being too big for the RenderFlex.
Consider applying a flex factor (e.g. using an Expanded widget) to force the children of the
RenderFlex to fit within the available space instead of being sized to their natural size.
This is considered an error condition because it indicates that there is content that cannot be
seen. If the content is legitimately bigger than the available space, consider clipping it with a
ClipRect widget before putting it in the flex, or using a scrollable container rather than a Flex,
like a ListView.
The specific RenderFlex in question is: RenderFlex#0d015 relayoutBoundary=up19 OVERFLOWING:
  creator: Row ÔåÉ ConstrainedBox ÔåÉ Center ÔåÉ Padding ÔåÉ ColoredBox ÔåÉ ConstrainedBox ÔåÉ Container ÔåÉ
    AppHeader ÔåÉ Column ÔåÉ Column ÔåÉ ConstrainedBox ÔåÉ _SingleChildViewport ÔåÉ Ôï»
  parentData: <none> (can use size)
  constraints: BoxConstraints(0.0<=w<=752.0, 0.0<=h<=Infinity)
  size: Size(752.0, 52.0)
  direction: horizontal
  mainAxisAlignment: spaceBetween
  mainAxisSize: max
  crossAxisAlignment: center
  textDirection: ltr
  verticalDirection: down
  spacing: 0.0
ÔùóÔùñÔùóÔùñÔùóÔùñÔùóÔùñÔùóÔùñÔùóÔùñÔùóÔùñÔùóÔùñÔùóÔùñÔùóÔùñÔùóÔùñÔùóÔùñÔùóÔùñÔùóÔùñÔùóÔùñÔùóÔùñÔùóÔùñÔùóÔùñÔùóÔùñÔùóÔùñÔùóÔùñÔùóÔùñÔùóÔùñÔùóÔùñÔùóÔùñÔùóÔùñÔùóÔùñÔùóÔùñÔùóÔùñÔùóÔùñÔùóÔùñÔùóÔùñÔùóÔùñÔùóÔùñÔùóÔùñÔùóÔùñÔùóÔùñÔùóÔùñÔùóÔùñÔùóÔùñÔùóÔùñÔùóÔùñÔùóÔùñÔùóÔùñÔùóÔùñÔùóÔùñÔùóÔùñÔùóÔùñÔùóÔùñÔùóÔùñ
ÔòÉÔòÉÔòÉÔòÉÔòÉÔòÉÔòÉÔòÉÔòÉÔòÉÔòÉÔòÉÔòÉÔòÉÔòÉÔòÉÔòÉÔòÉÔòÉÔòÉÔòÉÔòÉÔòÉÔòÉÔòÉÔòÉÔòÉÔòÉÔòÉÔòÉÔòÉÔòÉÔòÉÔòÉÔòÉÔòÉÔòÉÔòÉÔòÉÔòÉÔòÉÔòÉÔòÉÔòÉÔòÉÔòÉÔòÉÔòÉÔòÉÔòÉÔòÉÔòÉÔòÉÔòÉÔòÉÔòÉÔòÉÔòÉÔòÉÔòÉÔòÉÔòÉÔòÉÔòÉÔòÉÔòÉÔòÉÔòÉÔòÉÔòÉÔòÉÔòÉÔòÉÔòÉÔòÉÔòÉÔòÉÔòÉÔòÉÔòÉÔòÉÔòÉÔòÉÔòÉÔòÉÔòÉÔòÉÔòÉÔòÉÔòÉÔòÉÔòÉÔòÉÔòÉÔòÉÔòÉÔòÉÔòÉÔòÉÔòÉ
ÔòÉÔòÉÔòí EXCEPTION CAUGHT BY RENDERING LIBRARY Ôò×ÔòÉÔòÉÔòÉÔòÉÔòÉÔòÉÔòÉÔòÉÔòÉÔòÉÔòÉÔòÉÔòÉÔòÉÔòÉÔòÉÔòÉÔòÉÔòÉÔòÉÔòÉÔòÉÔòÉÔòÉÔòÉÔòÉÔòÉÔòÉÔòÉÔòÉÔòÉÔòÉÔòÉÔòÉÔòÉÔòÉÔòÉÔòÉÔòÉÔòÉÔòÉÔòÉÔòÉÔòÉÔòÉÔòÉÔòÉÔòÉÔòÉÔòÉÔòÉÔòÉÔòÉÔòÉÔòÉÔòÉÔòÉ
The following assertion was thrown during layout:
A RenderFlex overflowed by 25 pixels on the right.

The relevant error-causing widget was:
  Row
  Row:file:///C:/Users/pieri/OneDrive/Desktop/2ndsemester/Setap/unisphere-app/lib/widgets/app_footer.dart:145:26

The overflowing RenderFlex has an orientation of Axis.horizontal.
The edge of the RenderFlex that is overflowing has been marked in the rendering with a yellow and
black striped pattern. This is usually caused by the contents being too big for the RenderFlex.
Consider applying a flex factor (e.g. using an Expanded widget) to force the children of the
RenderFlex to fit within the available space instead of being sized to their natural size.
This is considered an error condition because it indicates that there is content that cannot be
seen. If the content is legitimately bigger than the available space, consider clipping it with a
ClipRect widget before putting it in the flex, or using a scrollable container rather than a Flex,
like a ListView.
The specific RenderFlex in question is: RenderFlex#dc446 relayoutBoundary=up20 OVERFLOWING:
  creator: Row ÔåÉ LayoutBuilder ÔåÉ Column ÔåÉ ConstrainedBox ÔåÉ Center ÔåÉ Padding ÔåÉ ColoredBox ÔåÉ
    ConstrainedBox ÔåÉ Container ÔåÉ AppFooter ÔåÉ Column ÔåÉ ConstrainedBox ÔåÉ Ôï»
  parentData: offset=Offset(0.0, 0.0) (can use size)
  constraints: BoxConstraints(0.0<=w<=752.0, 0.0<=h<=Infinity)
  size: Size(752.0, 19.0)
  direction: horizontal
  mainAxisAlignment: spaceBetween
  mainAxisSize: max
  crossAxisAlignment: center
  textDirection: ltr
  verticalDirection: down
  spacing: 0.0
ÔùóÔùñÔùóÔùñÔùóÔùñÔùóÔùñÔùóÔùñÔùóÔùñÔùóÔùñÔùóÔùñÔùóÔùñÔùóÔùñÔùóÔùñÔùóÔùñÔùóÔùñÔùóÔùñÔùóÔùñÔùóÔùñÔùóÔùñÔùóÔùñÔùóÔùñÔùóÔùñÔùóÔùñÔùóÔùñÔùóÔùñÔùóÔùñÔùóÔùñÔùóÔùñÔùóÔùñÔùóÔùñÔùóÔùñÔùóÔùñÔùóÔùñÔùóÔùñÔùóÔùñÔùóÔùñÔùóÔùñÔùóÔùñÔùóÔùñÔùóÔùñÔùóÔùñÔùóÔùñÔùóÔùñÔùóÔùñÔùóÔùñÔùóÔùñÔùóÔùñÔùóÔùñÔùóÔùñÔùóÔùñÔùóÔùñÔùóÔùñ
ÔòÉÔòÉÔòÉÔòÉÔòÉÔòÉÔòÉÔòÉÔòÉÔòÉÔòÉÔòÉÔòÉÔòÉÔòÉÔòÉÔòÉÔòÉÔòÉÔòÉÔòÉÔòÉÔòÉÔòÉÔòÉÔòÉÔòÉÔòÉÔòÉÔòÉÔòÉÔòÉÔòÉÔòÉÔòÉÔòÉÔòÉÔòÉÔòÉÔòÉÔòÉÔòÉÔòÉÔòÉÔòÉÔòÉÔòÉÔòÉÔòÉÔòÉÔòÉÔòÉÔòÉÔòÉÔòÉÔòÉÔòÉÔòÉÔòÉÔòÉÔòÉÔòÉÔòÉÔòÉÔòÉÔòÉÔòÉÔòÉÔòÉÔòÉÔòÉÔòÉÔòÉÔòÉÔòÉÔòÉÔòÉÔòÉÔòÉÔòÉÔòÉÔòÉÔòÉÔòÉÔòÉÔòÉÔòÉÔòÉÔòÉÔòÉÔòÉÔòÉÔòÉÔòÉÔòÉÔòÉÔòÉÔòÉÔòÉÔòÉ
ÔòÉÔòÉÔòí EXCEPTION CAUGHT BY FLUTTER TEST FRAMEWORK Ôò×ÔòÉÔòÉÔòÉÔòÉÔòÉÔòÉÔòÉÔòÉÔòÉÔòÉÔòÉÔòÉÔòÉÔòÉÔòÉÔòÉÔòÉÔòÉÔòÉÔòÉÔòÉÔòÉÔòÉÔòÉÔòÉÔòÉÔòÉÔòÉÔòÉÔòÉÔòÉÔòÉÔòÉÔòÉÔòÉÔòÉÔòÉÔòÉÔòÉÔòÉÔòÉÔòÉÔòÉÔòÉÔòÉÔòÉÔòÉÔòÉÔòÉÔòÉÔòÉÔòÉ
The following assertion was thrown running a test:
The finder "Found 0 widgets with text "Tomorrow": []" (used in a call to "tap()") could not find any
matching widgets.

When the exception was thrown, this was the stack:
#0      WidgetController._getElementPoint (package:flutter_test/src/controller.dart:2013:7)
#1      WidgetController.getCenter (package:flutter_test/src/controller.dart:1865:12)
#2      WidgetController.tap (package:flutter_test/src/controller.dart:1045:7)
#3      main.<anonymous closure>.<anonymous closure> (file:///C:/Users/pieri/OneDrive/Desktop/2ndsemester/Setap/unisphere-app/test/screens/discover_event_screen_test.dart:379:20)
<asynchronous suspension>
#4      testWidgets.<anonymous closure>.<anonymous closure> (package:flutter_test/src/widget_tester.dart:192:15)
<asynchronous suspension>
#5      TestWidgetsFlutterBinding._runTestBody (package:flutter_test/src/binding.dart:1059:5)
<asynchronous suspension>
<asynchronous suspension>
(elided one frame from package:stack_trace)

The test description was:
  date filters apply correctly
ÔòÉÔòÉÔòÉÔòÉÔòÉÔòÉÔòÉÔòÉÔòÉÔòÉÔòÉÔòÉÔòÉÔòÉÔòÉÔòÉÔòÉÔòÉÔòÉÔòÉÔòÉÔòÉÔòÉÔòÉÔòÉÔòÉÔòÉÔòÉÔòÉÔòÉÔòÉÔòÉÔòÉÔòÉÔòÉÔòÉÔòÉÔòÉÔòÉÔòÉÔòÉÔòÉÔòÉÔòÉÔòÉÔòÉÔòÉÔòÉÔòÉÔòÉÔòÉÔòÉÔòÉÔòÉÔòÉÔòÉÔòÉÔòÉÔòÉÔòÉÔòÉÔòÉÔòÉÔòÉÔòÉÔòÉÔòÉÔòÉÔòÉÔòÉÔòÉÔòÉÔòÉÔòÉÔòÉÔòÉÔòÉÔòÉÔòÉÔòÉÔòÉÔòÉÔòÉÔòÉÔòÉÔòÉÔòÉÔòÉÔòÉÔòÉÔòÉÔòÉÔòÉÔòÉÔòÉÔòÉÔòÉÔòÉÔòÉÔòÉ
ÔòÉÔòÉÔòí EXCEPTION CAUGHT BY FLUTTER TEST FRAMEWORK Ôò×ÔòÉÔòÉÔòÉÔòÉÔòÉÔòÉÔòÉÔòÉÔòÉÔòÉÔòÉÔòÉÔòÉÔòÉÔòÉÔòÉÔòÉÔòÉÔòÉÔòÉÔòÉÔòÉÔòÉÔòÉÔòÉÔòÉÔòÉÔòÉÔòÉÔòÉÔòÉÔòÉÔòÉÔòÉÔòÉÔòÉÔòÉÔòÉÔòÉÔòÉÔòÉÔòÉÔòÉÔòÉÔòÉÔòÉÔòÉÔòÉÔòÉÔòÉÔòÉÔòÉ
The following message was thrown:
Multiple exceptions (3) were detected during the running of the current test, and at least one was
unexpected.
ÔòÉÔòÉÔòÉÔòÉÔòÉÔòÉÔòÉÔòÉÔòÉÔòÉÔòÉÔòÉÔòÉÔòÉÔòÉÔòÉÔòÉÔòÉÔòÉÔòÉÔòÉÔòÉÔòÉÔòÉÔòÉÔòÉÔòÉÔòÉÔòÉÔòÉÔòÉÔòÉÔòÉÔòÉÔòÉÔòÉÔòÉÔòÉÔòÉÔòÉÔòÉÔòÉÔòÉÔòÉÔòÉÔòÉÔòÉÔòÉÔòÉÔòÉÔòÉÔòÉÔòÉÔòÉÔòÉÔòÉÔòÉÔòÉÔòÉÔòÉÔòÉÔòÉÔòÉÔòÉÔòÉÔòÉÔòÉÔòÉÔòÉÔòÉÔòÉÔòÉÔòÉÔòÉÔòÉÔòÉÔòÉÔòÉÔòÉÔòÉÔòÉÔòÉÔòÉÔòÉÔòÉÔòÉÔòÉÔòÉÔòÉÔòÉÔòÉÔòÉÔòÉÔòÉÔòÉÔòÉÔòÉÔòÉÔòÉÔòÉ
00:06 +0 -12: DiscoverEventScreen date filters apply correctly [E]
  Test failed. See exception logs above.
  The test description was: date filters apply correctly
  
00:06 +0 -12: Some tests failed.
